To honour the JVM settings for this build a single-use Daemon process will be forked. For more on this, please refer to https://docs.gradle.org/8.13/userguide/gradle_daemon.html#sec:disabling_the_daemon in the Gradle documentation.
Daemon will be stopped at the end of the build 

[Incubating] Problems report is available at: file:///D:/Tugas%20Informatika/SEMESTER%205/PAB/TUBES/build/reports/problems/problems-report.html
./gradlew : 
At line:1 char:1
+ ./gradlew 
assembleDebug 
--no-daemon 
--stacktrace > 
build_output.txt 2 ...
+ ~~~~~~~~~~~~~~~~~~~~
~~~~~~~~~~~~~~~~~~~~~~
~~~~~~~~~~~~~~~~~~~~~~
~~~~~
    + CategoryInfo    
          : NotSpeci  
  fied: (:String) [   
 ], RemoteExceptio    
n
    + FullyQualifiedE 
   rrorId : NativeCo  
  mmandError
 
FAILURE: Build failed 
with an exception.

* What went wrong:
A problem occurred 
configuring root 
project 'TUBES'.
> Could not resolve 
all artifacts for 
configuration 
'classpath'.
   > Could not 
resolve com.android.to
ols.build:gradle:8.13.
2.
     Required by:
         root project 
: > com.android.applic
ation:com.android.appl
ication.gradle.plugin:
8.13.2
      > Dependency 
requires at least JVM 
runtime version 11. 
This build uses a 
Java 8 JVM.
   > Could not 
resolve com.google.gms
:google-services:4.4.4
.
     Required by:
         root project 
: > com.google.gms.goo
gle-services:com.googl
e.gms.google-services.
gradle.plugin:4.4.4
      > Dependency 
requires at least JVM 
runtime version 11. 
This build uses a 
Java 8 JVM.

* Try:
> Run this build 
using a Java 11 or 
newer JVM.
> Run with --info or 
--debug option to get 
more log output.
> Run with --scan to 
get full insights.
> Get more help at htt
ps://help.gradle.org.

* Exception is:
org.gradle.api.Project
ConfigurationException
: A problem occurred 
configuring root 
project 'TUBES'.
	at org.gradle.configu
ration.project.Lifecyc
leProjectEvaluator.wra
pException(LifecyclePr
ojectEvaluator.java:84
)
	at org.gradle.configu
ration.project.Lifecyc
leProjectEvaluator.add
ConfigurationFailure(L
ifecycleProjectEvaluat
or.java:77)
	at org.gradle.configu
ration.project.Lifecyc
leProjectEvaluator.acc
ess$500(LifecycleProje
ctEvaluator.java:55)
	at org.gradle.configu
ration.project.Lifecyc
leProjectEvaluator$Eva
luateProject.lambda$ru
n$0(LifecycleProjectEv
aluator.java:111)
	at org.gradle.api.int
ernal.project.DefaultP
rojectStateRegistry$Pr
ojectStateImpl.lambda$
applyToMutableState$1(
DefaultProjectStateReg
istry.java:435)
	at org.gradle.api.int
ernal.project.DefaultP
rojectStateRegistry$Pr
ojectStateImpl.lambda$
fromMutableState$2(Def
aultProjectStateRegist
ry.java:458)
	at org.gradle.interna
l.work.DefaultWorkerLe
aseService.withReplace
dLocks(DefaultWorkerLe
aseService.java:359)
	at org.gradle.api.int
ernal.project.DefaultP
rojectStateRegistry$Pr
ojectStateImpl.fromMut
ableState(DefaultProje
ctStateRegistry.java:4
58)
	at org.gradle.api.int
ernal.project.DefaultP
rojectStateRegistry$Pr
ojectStateImpl.applyTo
MutableState(DefaultPr
ojectStateRegistry.jav
a:434)
	at org.gradle.configu
ration.project.Lifecyc
leProjectEvaluator$Eva
luateProject.run(Lifec
ycleProjectEvaluator.j
ava:100)
	at org.gradle.interna
l.operations.DefaultBu
ildOperationRunner$1.e
xecute(DefaultBuildOpe
rationRunner.java:30)
	at org.gradle.interna
l.operations.DefaultBu
ildOperationRunner$1.e
xecute(DefaultBuildOpe
rationRunner.java:27)
	at org.gradle.interna
l.operations.DefaultBu
ildOperationRunner$2.e
xecute(DefaultBuildOpe
rationRunner.java:67)
	at org.gradle.interna
l.operations.DefaultBu
ildOperationRunner$2.e
xecute(DefaultBuildOpe
rationRunner.java:60)
	at org.gradle.interna
l.operations.DefaultBu
ildOperationRunner.exe
cute(DefaultBuildOpera
tionRunner.java:167)
	at org.gradle.interna
l.operations.DefaultBu
ildOperationRunner.exe
cute(DefaultBuildOpera
tionRunner.java:60)
	at org.gradle.interna
l.operations.DefaultBu
ildOperationRunner.run
(DefaultBuildOperation
Runner.java:48)
	at org.gradle.configu
ration.project.Lifecyc
leProjectEvaluator.eva
luate(LifecycleProject
Evaluator.java:72)
	at org.gradle.api.int
ernal.project.DefaultP
roject.evaluateUncheck
ed(DefaultProject.java
:828)
	at org.gradle.api.int
ernal.project.ProjectL
ifecycleController.lam
bda$ensureSelfConfigur
ed$2(ProjectLifecycleC
ontroller.java:89)
	at org.gradle.interna
l.model.StateTransitio
nController.lambda$doT
ransition$14(StateTran
sitionController.java:
255)
	at org.gradle.interna
l.model.StateTransitio
nController.doTransiti
on(StateTransitionCont
roller.java:266)
	at org.gradle.interna
l.model.StateTransitio
nController.doTransiti
on(StateTransitionCont
roller.java:254)
	at org.gradle.interna
l.model.StateTransitio
nController.lambda$may
beTransitionIfNotCurre
ntlyTransitioning$10(S
tateTransitionControll
er.java:199)
	at org.gradle.interna
l.work.DefaultSynchron
izer.withLock(DefaultS
ynchronizer.java:36)
	at org.gradle.interna
l.model.StateTransitio
nController.maybeTrans
itionIfNotCurrentlyTra
nsitioning(StateTransi
tionController.java:19
5)
	at org.gradle.api.int
ernal.project.ProjectL
ifecycleController.ens
ureSelfConfigured(Proj
ectLifecycleController
.java:89)
	at org.gradle.api.int
ernal.project.DefaultP
rojectStateRegistry$Pr
ojectStateImpl.ensureC
onfigured(DefaultProje
ctStateRegistry.java:4
00)
	at org.gradle.executi
on.TaskPathProjectEval
uator.configure(TaskPa
thProjectEvaluator.jav
a:70)
	at org.gradle.executi
on.TaskPathProjectEval
uator.configureHierarc
hy(TaskPathProjectEval
uator.java:84)
	at org.gradle.configu
ration.DefaultProjects
Preparer.prepareProjec
ts(DefaultProjectsPrep
arer.java:50)
	at org.gradle.configu
ration.BuildTreePrepar
ingProjectsPreparer.pr
epareProjects(BuildTre
ePreparingProjectsPrep
arer.java:65)
	at org.gradle.configu
ration.BuildOperationF
iringProjectsPreparer$
ConfigureBuild.run(Bui
ldOperationFiringProje
ctsPreparer.java:52)
	at org.gradle.interna
l.operations.DefaultBu
ildOperationRunner$1.e
xecute(DefaultBuildOpe
rationRunner.java:30)
	at org.gradle.interna
l.operations.DefaultBu
ildOperationRunner$1.e
xecute(DefaultBuildOpe
rationRunner.java:27)
	at org.gradle.interna
l.operations.DefaultBu
ildOperationRunner$2.e
xecute(DefaultBuildOpe
rationRunner.java:67)
	at org.gradle.interna
l.operations.DefaultBu
ildOperationRunner$2.e
xecute(DefaultBuildOpe
rationRunner.java:60)
	at org.gradle.interna
l.operations.DefaultBu
ildOperationRunner.exe
cute(DefaultBuildOpera
tionRunner.java:167)
	at org.gradle.interna
l.operations.DefaultBu
ildOperationRunner.exe
cute(DefaultBuildOpera
tionRunner.java:60)
	at org.gradle.interna
l.operations.DefaultBu
ildOperationRunner.run
(DefaultBuildOperation
Runner.java:48)
	at org.gradle.configu
ration.BuildOperationF
iringProjectsPreparer.
prepareProjects(BuildO
perationFiringProjects
Preparer.java:40)
	at org.gradle.initial
ization.VintageBuildMo
delController.lambda$p
repareProjects$2(Vinta
geBuildModelController
.java:84)
	at org.gradle.interna
l.model.StateTransitio
nController.lambda$doT
ransition$14(StateTran
sitionController.java:
255)
	at org.gradle.interna
l.model.StateTransitio
nController.doTransiti
on(StateTransitionCont
roller.java:266)
	at org.gradle.interna
l.model.StateTransitio
nController.doTransiti
on(StateTransitionCont
roller.java:254)
	at org.gradle.interna
l.model.StateTransitio
nController.lambda$tra
nsitionIfNotPreviously
$11(StateTransitionCon
troller.java:213)
	at org.gradle.interna
l.work.DefaultSynchron
izer.withLock(DefaultS
ynchronizer.java:36)
	at org.gradle.interna
l.model.StateTransitio
nController.transition
IfNotPreviously(StateT
ransitionController.ja
va:209)
	at org.gradle.initial
ization.VintageBuildMo
delController.prepareP
rojects(VintageBuildMo
delController.java:84)
	at org.gradle.initial
ization.VintageBuildMo
delController.prepareT
oScheduleTasks(Vintage
BuildModelController.j
ava:71)
	at org.gradle.interna
l.build.DefaultBuildLi
fecycleController.lamb
da$prepareToScheduleTa
sks$6(DefaultBuildLife
cycleController.java:1
75)
	at org.gradle.interna
l.model.StateTransitio
nController.lambda$doT
ransition$14(StateTran
sitionController.java:
255)
	at org.gradle.interna
l.model.StateTransitio
nController.doTransiti
on(StateTransitionCont
roller.java:266)
	at org.gradle.interna
l.model.StateTransitio
nController.doTransiti
on(StateTransitionCont
roller.java:254)
	at org.gradle.interna
l.model.StateTransitio
nController.lambda$may
beTransition$9(StateTr
ansitionController.jav
a:190)
	at org.gradle.interna
l.work.DefaultSynchron
izer.withLock(DefaultS
ynchronizer.java:36)
	at org.gradle.interna
l.model.StateTransitio
nController.maybeTrans
ition(StateTransitionC
ontroller.java:186)
	at org.gradle.interna
l.build.DefaultBuildLi
fecycleController.prep
areToScheduleTasks(Def
aultBuildLifecycleCont
roller.java:173)
	at org.gradle.interna
l.buildtree.DefaultBui
ldTreeWorkPreparer.sch
eduleRequestedTasks(De
faultBuildTreeWorkPrep
arer.java:36)
	at org.gradle.interna
l.cc.impl.VintageBuild
TreeWorkController$sch
eduleAndRunRequestedTa
sks$1.apply(VintageBui
ldTreeWorkController.k
t:36)
	at org.gradle.interna
l.cc.impl.VintageBuild
TreeWorkController$sch
eduleAndRunRequestedTa
sks$1.apply(VintageBui
ldTreeWorkController.k
t:35)
	at org.gradle.composi
te.internal.DefaultInc
ludedBuildTaskGraph.wi
thNewWorkGraph(Default
IncludedBuildTaskGraph
.java:112)
	at org.gradle.interna
l.cc.impl.VintageBuild
TreeWorkController.sch
eduleAndRunRequestedTa
sks(VintageBuildTreeWo
rkController.kt:35)
	at org.gradle.interna
l.buildtree.DefaultBui
ldTreeLifecycleControl
ler.lambda$scheduleAnd
RunTasks$1(DefaultBuil
dTreeLifecycleControll
er.java:77)
	at org.gradle.interna
l.buildtree.DefaultBui
ldTreeLifecycleControl
ler.lambda$runBuild$4(
DefaultBuildTreeLifecy
cleController.java:120
)
	at org.gradle.interna
l.model.StateTransitio
nController.lambda$tra
nsition$6(StateTransit
ionController.java:169
)
	at org.gradle.interna
l.model.StateTransitio
nController.doTransiti
on(StateTransitionCont
roller.java:266)
	at org.gradle.interna
l.model.StateTransitio
nController.lambda$tra
nsition$7(StateTransit
ionController.java:169
)
	at org.gradle.interna
l.work.DefaultSynchron
izer.withLock(DefaultS
ynchronizer.java:46)
	at org.gradle.interna
l.model.StateTransitio
nController.transition
(StateTransitionContro
ller.java:169)
	at org.gradle.interna
l.buildtree.DefaultBui
ldTreeLifecycleControl
ler.runBuild(DefaultBu
ildTreeLifecycleContro
ller.java:117)
	at org.gradle.interna
l.buildtree.DefaultBui
ldTreeLifecycleControl
ler.scheduleAndRunTask
s(DefaultBuildTreeLife
cycleController.java:7
7)
	at org.gradle.interna
l.buildtree.DefaultBui
ldTreeLifecycleControl
ler.scheduleAndRunTask
s(DefaultBuildTreeLife
cycleController.java:7
2)
	at org.gradle.tooling
.internal.provider.Exe
cuteBuildActionRunner.
run(ExecuteBuildAction
Runner.java:31)
	at org.gradle.launche
r.exec.ChainingBuildAc
tionRunner.run(Chainin
gBuildActionRunner.jav
a:35)
	at org.gradle.interna
l.buildtree.ProblemRep
ortingBuildActionRunne
r.run(ProblemReporting
BuildActionRunner.java
:49)
	at org.gradle.launche
r.exec.BuildOutcomeRep
ortingBuildActionRunne
r.run(BuildOutcomeRepo
rtingBuildActionRunner
.java:71)
	at org.gradle.tooling
.internal.provider.Fil
eSystemWatchingBuildAc
tionRunner.run(FileSys
temWatchingBuildAction
Runner.java:135)
	at org.gradle.launche
r.exec.BuildCompletion
NotifyingBuildActionRu
nner.run(BuildCompleti
onNotifyingBuildAction
Runner.java:41)
	at org.gradle.launche
r.exec.RootBuildLifecy
cleBuildActionExecutor
.lambda$execute$0(Root
BuildLifecycleBuildAct
ionExecutor.java:54)
	at org.gradle.composi
te.internal.DefaultRoo
tBuildState.run(Defaul
tRootBuildState.java:1
30)
	at org.gradle.launche
r.exec.RootBuildLifecy
cleBuildActionExecutor
.execute(RootBuildLife
cycleBuildActionExecut
or.java:54)
	at org.gradle.interna
l.buildtree.InitDeprec
ationLoggingActionExec
utor.execute(InitDepre
cationLoggingActionExe
cutor.java:62)
	at org.gradle.interna
l.buildtree.InitProble
ms.execute(InitProblem
s.java:36)
	at org.gradle.interna
l.buildtree.DefaultBui
ldTreeContext.execute(
DefaultBuildTreeContex
t.java:40)
	at org.gradle.launche
r.exec.BuildTreeLifecy
cleBuildActionExecutor
.lambda$execute$0(Buil
dTreeLifecycleBuildAct
ionExecutor.java:71)
	at org.gradle.interna
l.buildtree.BuildTreeS
tate.run(BuildTreeStat
e.java:60)
	at org.gradle.launche
r.exec.BuildTreeLifecy
cleBuildActionExecutor
.execute(BuildTreeLife
cycleBuildActionExecut
or.java:71)
	at org.gradle.launche
r.exec.RunAsBuildOpera
tionBuildActionExecuto
r$2.call(RunAsBuildOpe
rationBuildActionExecu
tor.java:67)
	at org.gradle.launche
r.exec.RunAsBuildOpera
tionBuildActionExecuto
r$2.call(RunAsBuildOpe
rationBuildActionExecu
tor.java:63)
	at org.gradle.interna
l.operations.DefaultBu
ildOperationRunner$Cal
lableBuildOperationWor
ker.execute(DefaultBui
ldOperationRunner.java
:210)
	at org.gradle.interna
l.operations.DefaultBu
ildOperationRunner$Cal
lableBuildOperationWor
ker.execute(DefaultBui
ldOperationRunner.java
:205)
	at org.gradle.interna
l.operations.DefaultBu
ildOperationRunner$2.e
xecute(DefaultBuildOpe
rationRunner.java:67)
	at org.gradle.interna
l.operations.DefaultBu
ildOperationRunner$2.e
xecute(DefaultBuildOpe
rationRunner.java:60)
	at org.gradle.interna
l.operations.DefaultBu
ildOperationRunner.exe
cute(DefaultBuildOpera
tionRunner.java:167)
	at org.gradle.interna
l.operations.DefaultBu
ildOperationRunner.exe
cute(DefaultBuildOpera
tionRunner.java:60)
	at org.gradle.interna
l.operations.DefaultBu
ildOperationRunner.cal
l(DefaultBuildOperatio
nRunner.java:54)
	at org.gradle.launche
r.exec.RunAsBuildOpera
tionBuildActionExecuto
r.execute(RunAsBuildOp
erationBuildActionExec
utor.java:63)
	at org.gradle.launche
r.exec.RunAsWorkerThre
adBuildActionExecutor.
lambda$execute$0(RunAs
WorkerThreadBuildActio
nExecutor.java:36)
	at org.gradle.interna
l.work.DefaultWorkerLe
aseService.withLocks(D
efaultWorkerLeaseServi
ce.java:263)
	at org.gradle.interna
l.work.DefaultWorkerLe
aseService.runAsWorker
Thread(DefaultWorkerLe
aseService.java:127)
	at org.gradle.launche
r.exec.RunAsWorkerThre
adBuildActionExecutor.
execute(RunAsWorkerThr
eadBuildActionExecutor
.java:36)
	at org.gradle.tooling
.internal.provider.con
tinuous.ContinuousBuil
dActionExecutor.execut
e(ContinuousBuildActio
nExecutor.java:110)
	at org.gradle.tooling
.internal.provider.Sub
scribableBuildActionEx
ecutor.execute(Subscri
bableBuildActionExecut
or.java:64)
	at org.gradle.interna
l.session.DefaultBuild
SessionContext.execute
(DefaultBuildSessionCo
ntext.java:46)
	at org.gradle.interna
l.buildprocess.executi
on.BuildSessionLifecyc
leBuildActionExecutor$
ActionImpl.apply(Build
SessionLifecycleBuildA
ctionExecutor.java:92)
	at org.gradle.interna
l.buildprocess.executi
on.BuildSessionLifecyc
leBuildActionExecutor$
ActionImpl.apply(Build
SessionLifecycleBuildA
ctionExecutor.java:80)
	at org.gradle.interna
l.session.BuildSession
State.run(BuildSession
State.java:73)
	at org.gradle.interna
l.buildprocess.executi
on.BuildSessionLifecyc
leBuildActionExecutor.
execute(BuildSessionLi
fecycleBuildActionExec
utor.java:62)
	at org.gradle.interna
l.buildprocess.executi
on.BuildSessionLifecyc
leBuildActionExecutor.
execute(BuildSessionLi
fecycleBuildActionExec
utor.java:41)
	at org.gradle.interna
l.buildprocess.executi
on.StartParamsValidati
ngActionExecutor.execu
te(StartParamsValidati
ngActionExecutor.java:
64)
	at org.gradle.interna
l.buildprocess.executi
on.StartParamsValidati
ngActionExecutor.execu
te(StartParamsValidati
ngActionExecutor.java:
32)
	at org.gradle.interna
l.buildprocess.executi
on.SessionFailureRepor
tingActionExecutor.exe
cute(SessionFailureRep
ortingActionExecutor.j
ava:51)
	at org.gradle.interna
l.buildprocess.executi
on.SessionFailureRepor
tingActionExecutor.exe
cute(SessionFailureRep
ortingActionExecutor.j
ava:39)
	at org.gradle.interna
l.buildprocess.executi
on.SetupLoggingActionE
xecutor.execute(SetupL
oggingActionExecutor.j
ava:47)
	at org.gradle.interna
l.buildprocess.executi
on.SetupLoggingActionE
xecutor.execute(SetupL
oggingActionExecutor.j
ava:31)
	at org.gradle.launche
r.daemon.server.exec.E
xecuteBuild.doBuild(Ex
ecuteBuild.java:70)
	at org.gradle.launche
r.daemon.server.exec.B
uildCommandOnly.execut
e(BuildCommandOnly.jav
a:37)
	at org.gradle.launche
r.daemon.server.api.Da
emonCommandExecution.p
roceed(DaemonCommandEx
ecution.java:104)
	at org.gradle.launche
r.daemon.server.exec.W
atchForDisconnection.e
xecute(WatchForDisconn
ection.java:39)
	at org.gradle.launche
r.daemon.server.api.Da
emonCommandExecution.p
roceed(DaemonCommandEx
ecution.java:104)
	at org.gradle.launche
r.daemon.server.exec.R
esetDeprecationLogger.
execute(ResetDeprecati
onLogger.java:29)
	at org.gradle.launche
r.daemon.server.api.Da
emonCommandExecution.p
roceed(DaemonCommandEx
ecution.java:104)
	at org.gradle.launche
r.daemon.server.exec.R
equestStopIfSingleUsed
Daemon.execute(Request
StopIfSingleUsedDaemon
.java:35)
	at org.gradle.launche
r.daemon.server.api.Da
emonCommandExecution.p
roceed(DaemonCommandEx
ecution.java:104)
	at org.gradle.launche
r.daemon.server.exec.F
orwardClientInput.lamb
da$execute$0(ForwardCl
ientInput.java:40)
	at org.gradle.interna
l.daemon.clientinput.C
lientInputForwarder.fo
rwardInput(ClientInput
Forwarder.java:80)
	at org.gradle.launche
r.daemon.server.exec.F
orwardClientInput.exec
ute(ForwardClientInput
.java:37)
	at org.gradle.launche
r.daemon.server.api.Da
emonCommandExecution.p
roceed(DaemonCommandEx
ecution.java:104)
	at org.gradle.launche
r.daemon.server.exec.L
ogAndCheckHealth.execu
te(LogAndCheckHealth.j
ava:53)
	at org.gradle.launche
r.daemon.server.api.Da
emonCommandExecution.p
roceed(DaemonCommandEx
ecution.java:104)
	at org.gradle.launche
r.daemon.server.exec.L
ogToClient.doBuild(Log
ToClient.java:63)
	at org.gradle.launche
r.daemon.server.exec.B
uildCommandOnly.execut
e(BuildCommandOnly.jav
a:37)
	at org.gradle.launche
r.daemon.server.api.Da
emonCommandExecution.p
roceed(DaemonCommandEx
ecution.java:104)
	at org.gradle.launche
r.daemon.server.exec.E
stablishBuildEnvironme
nt.doBuild(EstablishBu
ildEnvironment.java:84
)
	at org.gradle.launche
r.daemon.server.exec.B
uildCommandOnly.execut
e(BuildCommandOnly.jav
a:37)
	at org.gradle.launche
r.daemon.server.api.Da
emonCommandExecution.p
roceed(DaemonCommandEx
ecution.java:104)
	at org.gradle.launche
r.daemon.server.exec.S
tartBuildOrRespondWith
Busy$1.run(StartBuildO
rRespondWithBusy.java:
52)
	at org.gradle.launche
r.daemon.server.Daemon
StateCoordinator.lambd
a$runCommand$0(DaemonS
tateCoordinator.java:3
21)
	at org.gradle.interna
l.concurrent.ExecutorP
olicy$CatchAndRecordFa
ilures.onExecute(Execu
torPolicy.java:64)
	at org.gradle.interna
l.concurrent.AbstractM
anagedExecutor$1.run(A
bstractManagedExecutor
.java:48)
Caused by: org.gradle.
api.internal.artifacts
.ivyservice.TypedResol
veException: Could 
not resolve all 
artifacts for 
configuration 
'classpath'.
	at org.gradle.api.int
ernal.artifacts.Resolv
eExceptionMapper.mapFa
ilures(ResolveExceptio
nMapper.java:58)
	at org.gradle.api.int
ernal.artifacts.config
urations.DefaultConfig
uration$DefaultResolut
ionHost.consolidateFai
lures(DefaultConfigura
tion.java:1928)
	at org.gradle.api.int
ernal.artifacts.config
urations.ResolutionHos
t.rethrowFailuresAndRe
portProblems(Resolutio
nHost.java:75)
	at org.gradle.api.int
ernal.artifacts.config
urations.DefaultArtifa
ctCollection.lambda$ne
w$0(DefaultArtifactCol
lection.java:52)
	at org.gradle.interna
l.model.CalculatedValu
eContainerFactory$Supp
lierBackedCalculator.c
alculateValue(Calculat
edValueContainerFactor
y.java:69)
	at org.gradle.interna
l.model.CalculatedValu
eContainer$Calculation
State.lambda$attachVal
ue$0(CalculatedValueCo
ntainer.java:229)
	at org.gradle.interna
l.Try.ofFailable(Try.j
ava:50)
	at org.gradle.interna
l.model.CalculatedValu
eContainer$Calculation
State.attachValue(Calc
ulatedValueContainer.j
ava:224)
	at org.gradle.interna
l.model.CalculatedValu
eContainer.finalizeIfN
otAlready(CalculatedVa
lueContainer.java:195)
	at org.gradle.interna
l.model.CalculatedValu
eContainer.finalizeIfN
otAlready(CalculatedVa
lueContainer.java:186)
	at org.gradle.api.int
ernal.artifacts.config
urations.DefaultArtifa
ctCollection.ensureRes
olved(DefaultArtifactC
ollection.java:103)
	at org.gradle.api.int
ernal.artifacts.config
urations.DefaultArtifa
ctCollection.getArtifa
cts(DefaultArtifactCol
lection.java:75)
	at org.gradle.api.int
ernal.initialization.t
ransform.utils.Instrum
entationClasspathMerge
r.mergeToClasspath(Ins
trumentationClasspathM
erger.java:52)
	at org.gradle.api.int
ernal.initialization.D
efaultScriptClassPathR
esolver.resolveClassPa
th(DefaultScriptClassP
athResolver.java:155)
	at org.gradle.api.int
ernal.initialization.D
efaultBuildLogicBuilde
r.lambda$resolveClassP
ath$0(DefaultBuildLogi
cBuilder.java:64)
	at org.gradle.api.int
ernal.initialization.D
efaultBuildLogicBuildQ
ueue.build(DefaultBuil
dLogicBuildQueue.java:
69)
	at org.gradle.api.int
ernal.initialization.D
efaultBuildLogicBuilde
r.resolveClassPath(Def
aultBuildLogicBuilder.
java:61)
	at org.gradle.api.int
ernal.initialization.D
efaultScriptHandler.la
mbda$getInstrumentedSc
riptClassPath$0(Defaul
tScriptHandler.java:10
9)
	at org.gradle.api.int
ernal.artifacts.config
urations.DefaultConfig
uration.callAndResetRe
solutionState(DefaultC
onfiguration.java:900)
	at org.gradle.api.int
ernal.initialization.D
efaultScriptHandler.ge
tInstrumentedScriptCla
ssPath(DefaultScriptHa
ndler.java:113)
	at org.gradle.plugin.
use.internal.DefaultPl
uginRequestApplicator.
applyPlugins(DefaultPl
uginRequestApplicator.
java:129)
	at org.gradle.kotlin.
dsl.provider.PluginReq
uestsHandler.handle(Pl
uginRequestsHandler.kt
:45)
	at org.gradle.kotlin.
dsl.provider.StandardK
otlinScriptEvaluator$I
nterpreterHost.applyPl
uginsTo(KotlinScriptEv
aluator.kt:242)
	at org.gradle.kotlin.
dsl.execution.Interpre
ter$ProgramHost.applyP
luginsTo(Interpreter.k
t:387)
	at Program.execute(Un
known Source)
	at org.gradle.kotlin.
dsl.execution.Interpre
ter$ProgramHost.eval(I
nterpreter.kt:516)
	at org.gradle.kotlin.
dsl.execution.Interpre
ter.eval(Interpreter.k
t:214)
	at org.gradle.kotlin.
dsl.provider.StandardK
otlinScriptEvaluator.e
valuate(KotlinScriptEv
aluator.kt:133)
	at org.gradle.kotlin.
dsl.provider.KotlinScr
iptPluginFactory$creat
e$1.invoke(KotlinScrip
tPluginFactory.kt:61)
	at org.gradle.kotlin.
dsl.provider.KotlinScr
iptPluginFactory$creat
e$1.invoke(KotlinScrip
tPluginFactory.kt:52)
	at org.gradle.kotlin.
dsl.provider.KotlinScr
iptPlugin.apply(Kotlin
ScriptPlugin.kt:35)
	at org.gradle.configu
ration.BuildOperationS
criptPlugin$1.run(Buil
dOperationScriptPlugin
.java:68)
	at org.gradle.interna
l.operations.DefaultBu
ildOperationRunner$1.e
xecute(DefaultBuildOpe
rationRunner.java:30)
	at org.gradle.interna
l.operations.DefaultBu
ildOperationRunner$1.e
xecute(DefaultBuildOpe
rationRunner.java:27)
	at org.gradle.interna
l.operations.DefaultBu
ildOperationRunner$2.e
xecute(DefaultBuildOpe
rationRunner.java:67)
	at org.gradle.interna
l.operations.DefaultBu
ildOperationRunner$2.e
xecute(DefaultBuildOpe
rationRunner.java:60)
	at org.gradle.interna
l.operations.DefaultBu
ildOperationRunner.exe
cute(DefaultBuildOpera
tionRunner.java:167)
	at org.gradle.interna
l.operations.DefaultBu
ildOperationRunner.exe
cute(DefaultBuildOpera
tionRunner.java:60)
	at org.gradle.interna
l.operations.DefaultBu
ildOperationRunner.run
(DefaultBuildOperation
Runner.java:48)
	at org.gradle.configu
ration.BuildOperationS
criptPlugin.lambda$app
ly$0(BuildOperationScr
iptPlugin.java:65)
	at org.gradle.interna
l.code.DefaultUserCode
ApplicationContext.app
ly(DefaultUserCodeAppl
icationContext.java:44
)
	at org.gradle.configu
ration.BuildOperationS
criptPlugin.apply(Buil
dOperationScriptPlugin
.java:65)
	at org.gradle.api.int
ernal.project.DefaultP
rojectStateRegistry$Pr
ojectStateImpl.lambda$
applyToMutableState$1(
DefaultProjectStateReg
istry.java:435)
	at org.gradle.api.int
ernal.project.DefaultP
rojectStateRegistry$Pr
ojectStateImpl.fromMut
ableState(DefaultProje
ctStateRegistry.java:4
53)
	at org.gradle.api.int
ernal.project.DefaultP
rojectStateRegistry$Pr
ojectStateImpl.applyTo
MutableState(DefaultPr
ojectStateRegistry.jav
a:434)
	at org.gradle.configu
ration.project.BuildSc
riptProcessor.execute(
BuildScriptProcessor.j
ava:46)
	at org.gradle.configu
ration.project.BuildSc
riptProcessor.execute(
BuildScriptProcessor.j
ava:27)
	at org.gradle.configu
ration.project.Configu
reActionsProjectEvalua
tor.evaluate(Configure
ActionsProjectEvaluato
r.java:35)
	at org.gradle.configu
ration.project.Lifecyc
leProjectEvaluator$Eva
luateProject.lambda$ru
n$0(LifecycleProjectEv
aluator.java:109)
	at org.gradle.api.int
ernal.project.DefaultP
rojectStateRegistry$Pr
ojectStateImpl.lambda$
applyToMutableState$1(
DefaultProjectStateReg
istry.java:435)
	at org.gradle.api.int
ernal.project.DefaultP
rojectStateRegistry$Pr
ojectStateImpl.lambda$
fromMutableState$2(Def
aultProjectStateRegist
ry.java:458)
	at org.gradle.interna
l.work.DefaultWorkerLe
aseService.withReplace
dLocks(DefaultWorkerLe
aseService.java:359)
	at org.gradle.api.int
ernal.project.DefaultP
rojectStateRegistry$Pr
ojectStateImpl.fromMut
ableState(DefaultProje
ctStateRegistry.java:4
58)
	at org.gradle.api.int
ernal.project.DefaultP
rojectStateRegistry$Pr
ojectStateImpl.applyTo
MutableState(DefaultPr
ojectStateRegistry.jav
a:434)
	at org.gradle.configu
ration.project.Lifecyc
leProjectEvaluator$Eva
luateProject.run(Lifec
ycleProjectEvaluator.j
ava:100)
	at org.gradle.interna
l.operations.DefaultBu
ildOperationRunner$1.e
xecute(DefaultBuildOpe
rationRunner.java:30)
	at org.gradle.interna
l.operations.DefaultBu
ildOperationRunner$1.e
xecute(DefaultBuildOpe
rationRunner.java:27)
	at org.gradle.interna
l.operations.DefaultBu
ildOperationRunner$2.e
xecute(DefaultBuildOpe
rationRunner.java:67)
	at org.gradle.interna
l.operations.DefaultBu
ildOperationRunner$2.e
xecute(DefaultBuildOpe
rationRunner.java:60)
	at org.gradle.interna
l.operations.DefaultBu
ildOperationRunner.exe
cute(DefaultBuildOpera
tionRunner.java:167)
	at org.gradle.interna
l.operations.DefaultBu
ildOperationRunner.exe
cute(DefaultBuildOpera
tionRunner.java:60)
	at org.gradle.interna
l.operations.DefaultBu
ildOperationRunner.run
(DefaultBuildOperation
Runner.java:48)
	at org.gradle.configu
ration.project.Lifecyc
leProjectEvaluator.eva
luate(LifecycleProject
Evaluator.java:72)
	at org.gradle.api.int
ernal.project.DefaultP
roject.evaluateUncheck
ed(DefaultProject.java
:828)
	at org.gradle.api.int
ernal.project.ProjectL
ifecycleController.lam
bda$ensureSelfConfigur
ed$2(ProjectLifecycleC
ontroller.java:89)
	at org.gradle.interna
l.model.StateTransitio
nController.lambda$doT
ransition$14(StateTran
sitionController.java:
255)
	at org.gradle.interna
l.model.StateTransitio
nController.doTransiti
on(StateTransitionCont
roller.java:266)
	at org.gradle.interna
l.model.StateTransitio
nController.doTransiti
on(StateTransitionCont
roller.java:254)
	at org.gradle.interna
l.model.StateTransitio
nController.lambda$may
beTransitionIfNotCurre
ntlyTransitioning$10(S
tateTransitionControll
er.java:199)
	at org.gradle.interna
l.work.DefaultSynchron
izer.withLock(DefaultS
ynchronizer.java:36)
	at org.gradle.interna
l.model.StateTransitio
nController.maybeTrans
itionIfNotCurrentlyTra
nsitioning(StateTransi
tionController.java:19
5)
	at org.gradle.api.int
ernal.project.ProjectL
ifecycleController.ens
ureSelfConfigured(Proj
ectLifecycleController
.java:89)
	at org.gradle.api.int
ernal.project.DefaultP
rojectStateRegistry$Pr
ojectStateImpl.ensureC
onfigured(DefaultProje
ctStateRegistry.java:4
00)
	at org.gradle.executi
on.TaskPathProjectEval
uator.configure(TaskPa
thProjectEvaluator.jav
a:70)
	at org.gradle.executi
on.TaskPathProjectEval
uator.configureHierarc
hy(TaskPathProjectEval
uator.java:84)
	at org.gradle.configu
ration.DefaultProjects
Preparer.prepareProjec
ts(DefaultProjectsPrep
arer.java:50)
	at org.gradle.configu
ration.BuildTreePrepar
ingProjectsPreparer.pr
epareProjects(BuildTre
ePreparingProjectsPrep
arer.java:65)
	at org.gradle.configu
ration.BuildOperationF
iringProjectsPreparer$
ConfigureBuild.run(Bui
ldOperationFiringProje
ctsPreparer.java:52)
	at org.gradle.interna
l.operations.DefaultBu
ildOperationRunner$1.e
xecute(DefaultBuildOpe
rationRunner.java:30)
	at org.gradle.interna
l.operations.DefaultBu
ildOperationRunner$1.e
xecute(DefaultBuildOpe
rationRunner.java:27)
	at org.gradle.interna
l.operations.DefaultBu
ildOperationRunner$2.e
xecute(DefaultBuildOpe
rationRunner.java:67)
	at org.gradle.interna
l.operations.DefaultBu
ildOperationRunner$2.e
xecute(DefaultBuildOpe
rationRunner.java:60)
	at org.gradle.interna
l.operations.DefaultBu
ildOperationRunner.exe
cute(DefaultBuildOpera
tionRunner.java:167)
	at org.gradle.interna
l.operations.DefaultBu
ildOperationRunner.exe
cute(DefaultBuildOpera
tionRunner.java:60)
	at org.gradle.interna
l.operations.DefaultBu
ildOperationRunner.run
(DefaultBuildOperation
Runner.java:48)
	at org.gradle.configu
ration.BuildOperationF
iringProjectsPreparer.
prepareProjects(BuildO
perationFiringProjects
Preparer.java:40)
	at org.gradle.initial
ization.VintageBuildMo
delController.lambda$p
repareProjects$2(Vinta
geBuildModelController
.java:84)
	at org.gradle.interna
l.model.StateTransitio
nController.lambda$doT
ransition$14(StateTran
sitionController.java:
255)
	at org.gradle.interna
l.model.StateTransitio
nController.doTransiti
on(StateTransitionCont
roller.java:266)
	at org.gradle.interna
l.model.StateTransitio
nController.doTransiti
on(StateTransitionCont
roller.java:254)
	at org.gradle.interna
l.model.StateTransitio
nController.lambda$tra
nsitionIfNotPreviously
$11(StateTransitionCon
troller.java:213)
	at org.gradle.interna
l.work.DefaultSynchron
izer.withLock(DefaultS
ynchronizer.java:36)
	at org.gradle.interna
l.model.StateTransitio
nController.transition
IfNotPreviously(StateT
ransitionController.ja
va:209)
	at org.gradle.initial
ization.VintageBuildMo
delController.prepareP
rojects(VintageBuildMo
delController.java:84)
	at org.gradle.initial
ization.VintageBuildMo
delController.prepareT
oScheduleTasks(Vintage
BuildModelController.j
ava:71)
	at org.gradle.interna
l.build.DefaultBuildLi
fecycleController.lamb
da$prepareToScheduleTa
sks$6(DefaultBuildLife
cycleController.java:1
75)
	at org.gradle.interna
l.model.StateTransitio
nController.lambda$doT
ransition$14(StateTran
sitionController.java:
255)
	at org.gradle.interna
l.model.StateTransitio
nController.doTransiti
on(StateTransitionCont
roller.java:266)
	at org.gradle.interna
l.model.StateTransitio
nController.doTransiti
on(StateTransitionCont
roller.java:254)
	at org.gradle.interna
l.model.StateTransitio
nController.lambda$may
beTransition$9(StateTr
ansitionController.jav
a:190)
	at org.gradle.interna
l.work.DefaultSynchron
izer.withLock(DefaultS
ynchronizer.java:36)
	at org.gradle.interna
l.model.StateTransitio
nController.maybeTrans
ition(StateTransitionC
ontroller.java:186)
	at org.gradle.interna
l.build.DefaultBuildLi
fecycleController.prep
areToScheduleTasks(Def
aultBuildLifecycleCont
roller.java:173)
	at org.gradle.interna
l.buildtree.DefaultBui
ldTreeWorkPreparer.sch
eduleRequestedTasks(De
faultBuildTreeWorkPrep
arer.java:36)
	at org.gradle.interna
l.cc.impl.VintageBuild
TreeWorkController$sch
eduleAndRunRequestedTa
sks$1.apply(VintageBui
ldTreeWorkController.k
t:36)
	at org.gradle.interna
l.cc.impl.VintageBuild
TreeWorkController$sch
eduleAndRunRequestedTa
sks$1.apply(VintageBui
ldTreeWorkController.k
t:35)
	at org.gradle.composi
te.internal.DefaultInc
ludedBuildTaskGraph.wi
thNewWorkGraph(Default
IncludedBuildTaskGraph
.java:112)
	at org.gradle.interna
l.cc.impl.VintageBuild
TreeWorkController.sch
eduleAndRunRequestedTa
sks(VintageBuildTreeWo
rkController.kt:35)
	at org.gradle.interna
l.buildtree.DefaultBui
ldTreeLifecycleControl
ler.lambda$scheduleAnd
RunTasks$1(DefaultBuil
dTreeLifecycleControll
er.java:77)
	at org.gradle.interna
l.buildtree.DefaultBui
ldTreeLifecycleControl
ler.lambda$runBuild$4(
DefaultBuildTreeLifecy
cleController.java:120
)
	at org.gradle.interna
l.model.StateTransitio
nController.lambda$tra
nsition$6(StateTransit
ionController.java:169
)
	at org.gradle.interna
l.model.StateTransitio
nController.doTransiti
on(StateTransitionCont
roller.java:266)
	at org.gradle.interna
l.model.StateTransitio
nController.lambda$tra
nsition$7(StateTransit
ionController.java:169
)
	at org.gradle.interna
l.work.DefaultSynchron
izer.withLock(DefaultS
ynchronizer.java:46)
	at org.gradle.interna
l.model.StateTransitio
nController.transition
(StateTransitionContro
ller.java:169)
	at org.gradle.interna
l.buildtree.DefaultBui
ldTreeLifecycleControl
ler.runBuild(DefaultBu
ildTreeLifecycleContro
ller.java:117)
	at org.gradle.interna
l.buildtree.DefaultBui
ldTreeLifecycleControl
ler.scheduleAndRunTask
s(DefaultBuildTreeLife
cycleController.java:7
7)
	at org.gradle.interna
l.buildtree.DefaultBui
ldTreeLifecycleControl
ler.scheduleAndRunTask
s(DefaultBuildTreeLife
cycleController.java:7
2)
	at org.gradle.tooling
.internal.provider.Exe
cuteBuildActionRunner.
run(ExecuteBuildAction
Runner.java:31)
	at org.gradle.launche
r.exec.ChainingBuildAc
tionRunner.run(Chainin
gBuildActionRunner.jav
a:35)
	at org.gradle.interna
l.buildtree.ProblemRep
ortingBuildActionRunne
r.run(ProblemReporting
BuildActionRunner.java
:49)
	at org.gradle.launche
r.exec.BuildOutcomeRep
ortingBuildActionRunne
r.run(BuildOutcomeRepo
rtingBuildActionRunner
.java:71)
	at org.gradle.tooling
.internal.provider.Fil
eSystemWatchingBuildAc
tionRunner.run(FileSys
temWatchingBuildAction
Runner.java:135)
	at org.gradle.launche
r.exec.BuildCompletion
NotifyingBuildActionRu
nner.run(BuildCompleti
onNotifyingBuildAction
Runner.java:41)
	at org.gradle.launche
r.exec.RootBuildLifecy
cleBuildActionExecutor
.lambda$execute$0(Root
BuildLifecycleBuildAct
ionExecutor.java:54)
	at org.gradle.composi
te.internal.DefaultRoo
tBuildState.run(Defaul
tRootBuildState.java:1
30)
	at org.gradle.launche
r.exec.RootBuildLifecy
cleBuildActionExecutor
.execute(RootBuildLife
cycleBuildActionExecut
or.java:54)
	at org.gradle.interna
l.buildtree.InitDeprec
ationLoggingActionExec
utor.execute(InitDepre
cationLoggingActionExe
cutor.java:62)
	at org.gradle.interna
l.buildtree.InitProble
ms.execute(InitProblem
s.java:36)
	at org.gradle.interna
l.buildtree.DefaultBui
ldTreeContext.execute(
DefaultBuildTreeContex
t.java:40)
	at org.gradle.launche
r.exec.BuildTreeLifecy
cleBuildActionExecutor
.lambda$execute$0(Buil
dTreeLifecycleBuildAct
ionExecutor.java:71)
	at org.gradle.interna
l.buildtree.BuildTreeS
tate.run(BuildTreeStat
e.java:60)
	at org.gradle.launche
r.exec.BuildTreeLifecy
cleBuildActionExecutor
.execute(BuildTreeLife
cycleBuildActionExecut
or.java:71)
	at org.gradle.launche
r.exec.RunAsBuildOpera
tionBuildActionExecuto
r$2.call(RunAsBuildOpe
rationBuildActionExecu
tor.java:67)
	at org.gradle.launche
r.exec.RunAsBuildOpera
tionBuildActionExecuto
r$2.call(RunAsBuildOpe
rationBuildActionExecu
tor.java:63)
	at org.gradle.interna
l.operations.DefaultBu
ildOperationRunner$Cal
lableBuildOperationWor
ker.execute(DefaultBui
ldOperationRunner.java
:210)
	at org.gradle.interna
l.operations.DefaultBu
ildOperationRunner$Cal
lableBuildOperationWor
ker.execute(DefaultBui
ldOperationRunner.java
:205)
	at org.gradle.interna
l.operations.DefaultBu
ildOperationRunner$2.e
xecute(DefaultBuildOpe
rationRunner.java:67)
	at org.gradle.interna
l.operations.DefaultBu
ildOperationRunner$2.e
xecute(DefaultBuildOpe
rationRunner.java:60)
	at org.gradle.interna
l.operations.DefaultBu
ildOperationRunner.exe
cute(DefaultBuildOpera
tionRunner.java:167)
	at org.gradle.interna
l.operations.DefaultBu
ildOperationRunner.exe
cute(DefaultBuildOpera
tionRunner.java:60)
	at org.gradle.interna
l.operations.DefaultBu
ildOperationRunner.cal
l(DefaultBuildOperatio
nRunner.java:54)
	at org.gradle.launche
r.exec.RunAsBuildOpera
tionBuildActionExecuto
r.execute(RunAsBuildOp
erationBuildActionExec
utor.java:63)
	at org.gradle.launche
r.exec.RunAsWorkerThre
adBuildActionExecutor.
lambda$execute$0(RunAs
WorkerThreadBuildActio
nExecutor.java:36)
	at org.gradle.interna
l.work.DefaultWorkerLe
aseService.withLocks(D
efaultWorkerLeaseServi
ce.java:263)
	at org.gradle.interna
l.work.DefaultWorkerLe
aseService.runAsWorker
Thread(DefaultWorkerLe
aseService.java:127)
	at org.gradle.launche
r.exec.RunAsWorkerThre
adBuildActionExecutor.
execute(RunAsWorkerThr
eadBuildActionExecutor
.java:36)
	at org.gradle.tooling
.internal.provider.con
tinuous.ContinuousBuil
dActionExecutor.execut
e(ContinuousBuildActio
nExecutor.java:110)
	at org.gradle.tooling
.internal.provider.Sub
scribableBuildActionEx
ecutor.execute(Subscri
bableBuildActionExecut
or.java:64)
	at org.gradle.interna
l.session.DefaultBuild
SessionContext.execute
(DefaultBuildSessionCo
ntext.java:46)
	at org.gradle.interna
l.buildprocess.executi
on.BuildSessionLifecyc
leBuildActionExecutor$
ActionImpl.apply(Build
SessionLifecycleBuildA
ctionExecutor.java:92)
	at org.gradle.interna
l.buildprocess.executi
on.BuildSessionLifecyc
leBuildActionExecutor$
ActionImpl.apply(Build
SessionLifecycleBuildA
ctionExecutor.java:80)
	at org.gradle.interna
l.session.BuildSession
State.run(BuildSession
State.java:73)
	at org.gradle.interna
l.buildprocess.executi
on.BuildSessionLifecyc
leBuildActionExecutor.
execute(BuildSessionLi
fecycleBuildActionExec
utor.java:62)
	at org.gradle.interna
l.buildprocess.executi
on.BuildSessionLifecyc
leBuildActionExecutor.
execute(BuildSessionLi
fecycleBuildActionExec
utor.java:41)
	at org.gradle.interna
l.buildprocess.executi
on.StartParamsValidati
ngActionExecutor.execu
te(StartParamsValidati
ngActionExecutor.java:
64)
	at org.gradle.interna
l.buildprocess.executi
on.StartParamsValidati
ngActionExecutor.execu
te(StartParamsValidati
ngActionExecutor.java:
32)
	at org.gradle.interna
l.buildprocess.executi
on.SessionFailureRepor
tingActionExecutor.exe
cute(SessionFailureRep
ortingActionExecutor.j
ava:51)
	at org.gradle.interna
l.buildprocess.executi
on.SessionFailureRepor
tingActionExecutor.exe
cute(SessionFailureRep
ortingActionExecutor.j
ava:39)
	at org.gradle.interna
l.buildprocess.executi
on.SetupLoggingActionE
xecutor.execute(SetupL
oggingActionExecutor.j
ava:47)
	at org.gradle.interna
l.buildprocess.executi
on.SetupLoggingActionE
xecutor.execute(SetupL
oggingActionExecutor.j
ava:31)
	at org.gradle.launche
r.daemon.server.exec.E
xecuteBuild.doBuild(Ex
ecuteBuild.java:70)
	at org.gradle.launche
r.daemon.server.exec.B
uildCommandOnly.execut
e(BuildCommandOnly.jav
a:37)
	at org.gradle.launche
r.daemon.server.api.Da
emonCommandExecution.p
roceed(DaemonCommandEx
ecution.java:104)
	at org.gradle.launche
r.daemon.server.exec.W
atchForDisconnection.e
xecute(WatchForDisconn
ection.java:39)
	at org.gradle.launche
r.daemon.server.api.Da
emonCommandExecution.p
roceed(DaemonCommandEx
ecution.java:104)
	at org.gradle.launche
r.daemon.server.exec.R
esetDeprecationLogger.
execute(ResetDeprecati
onLogger.java:29)
	at org.gradle.launche
r.daemon.server.api.Da
emonCommandExecution.p
roceed(DaemonCommandEx
ecution.java:104)
	at org.gradle.launche
r.daemon.server.exec.R
equestStopIfSingleUsed
Daemon.execute(Request
StopIfSingleUsedDaemon
.java:35)
	at org.gradle.launche
r.daemon.server.api.Da
emonCommandExecution.p
roceed(DaemonCommandEx
ecution.java:104)
	at org.gradle.launche
r.daemon.server.exec.F
orwardClientInput.lamb
da$execute$0(ForwardCl
ientInput.java:40)
	at org.gradle.interna
l.daemon.clientinput.C
lientInputForwarder.fo
rwardInput(ClientInput
Forwarder.java:80)
	at org.gradle.launche
r.daemon.server.exec.F
orwardClientInput.exec
ute(ForwardClientInput
.java:37)
	at org.gradle.launche
r.daemon.server.api.Da
emonCommandExecution.p
roceed(DaemonCommandEx
ecution.java:104)
	at org.gradle.launche
r.daemon.server.exec.L
ogAndCheckHealth.execu
te(LogAndCheckHealth.j
ava:53)
	at org.gradle.launche
r.daemon.server.api.Da
emonCommandExecution.p
roceed(DaemonCommandEx
ecution.java:104)
	at org.gradle.launche
r.daemon.server.exec.L
ogToClient.doBuild(Log
ToClient.java:63)
	at org.gradle.launche
r.daemon.server.exec.B
uildCommandOnly.execut
e(BuildCommandOnly.jav
a:37)
	at org.gradle.launche
r.daemon.server.api.Da
emonCommandExecution.p
roceed(DaemonCommandEx
ecution.java:104)
	at org.gradle.launche
r.daemon.server.exec.E
stablishBuildEnvironme
nt.doBuild(EstablishBu
ildEnvironment.java:84
)
	at org.gradle.launche
r.daemon.server.exec.B
uildCommandOnly.execut
e(BuildCommandOnly.jav
a:37)
	at org.gradle.launche
r.daemon.server.api.Da
emonCommandExecution.p
roceed(DaemonCommandEx
ecution.java:104)
	at org.gradle.launche
r.daemon.server.exec.S
tartBuildOrRespondWith
Busy$1.run(StartBuildO
rRespondWithBusy.java:
52)
	at org.gradle.launche
r.daemon.server.Daemon
StateCoordinator.lambd
a$runCommand$0(DaemonS
tateCoordinator.java:3
21)
	at org.gradle.interna
l.concurrent.ExecutorP
olicy$CatchAndRecordFa
ilures.onExecute(Execu
torPolicy.java:64)
	at org.gradle.interna
l.concurrent.AbstractM
anagedExecutor$1.run(A
bstractManagedExecutor
.java:48)
Cause 1: org.gradle.in
ternal.resolve.ModuleV
ersionResolveException
: Could not resolve co
m.android.tools.build:
gradle:8.13.2.
Required by:
    root project : > c
om.android.application
:com.android.applicati
on.gradle.plugin:8.13.
2
Caused by: org.gradle.
internal.component.res
olution.failure.except
ion.VariantSelectionBy
AttributesException: 
Dependency requires 
at least JVM runtime 
version 11. This 
build uses a Java 8 
JVM.
	at org.gradle.api.int
ernal.artifacts.dsl.de
pendencies.TargetJVMVe
rsionOnPluginTooNewFai
lureDescriber.describe
Failure(TargetJVMVersi
onOnPluginTooNewFailur
eDescriber.java:63)
	at org.gradle.api.int
ernal.artifacts.dsl.de
pendencies.TargetJVMVe
rsionOnPluginTooNewFai
lureDescriber.describe
Failure(TargetJVMVersi
onOnPluginTooNewFailur
eDescriber.java:42)
	at org.gradle.interna
l.component.resolution
.failure.ResolutionFai
lureHandler.lambda$des
cribeFailure$3(Resolut
ionFailureHandler.java
:275)
	at org.gradle.interna
l.component.resolution
.failure.ResolutionFai
lureHandler.describeFa
ilure(ResolutionFailur
eHandler.java:275)
	at org.gradle.interna
l.component.resolution
.failure.ResolutionFai
lureHandler.noCompatib
leVariantsFailure(Reso
lutionFailureHandler.j
ava:173)
	at org.gradle.interna
l.component.model.Grap
hVariantSelector.selec
tByAttributeMatching(G
raphVariantSelector.ja
va:94)
	at org.gradle.interna
l.component.external.m
odel.ExternalModuleDep
endencyMetadata.select
Variants(ExternalModul
eDependencyMetadata.ja
va:64)
	at org.gradle.api.int
ernal.artifacts.ivyser
vice.resolveengine.gra
ph.builder.EdgeState.c
alculateTargetNodes(Ed
geState.java:257)
	at org.gradle.api.int
ernal.artifacts.ivyser
vice.resolveengine.gra
ph.builder.EdgeState.a
ttachToTargetNodes(Edg
eState.java:148)
	at org.gradle.api.int
ernal.artifacts.ivyser
vice.resolveengine.gra
ph.builder.DependencyG
raphBuilder.attachToTa
rgetRevisionsSerially(
DependencyGraphBuilder
.java:390)
	at org.gradle.api.int
ernal.artifacts.ivyser
vice.resolveengine.gra
ph.builder.DependencyG
raphBuilder.resolveEdg
es(DependencyGraphBuil
der.java:280)
	at org.gradle.api.int
ernal.artifacts.ivyser
vice.resolveengine.gra
ph.builder.DependencyG
raphBuilder.traverseGr
aph(DependencyGraphBui
lder.java:205)
	at org.gradle.api.int
ernal.artifacts.ivyser
vice.resolveengine.gra
ph.builder.DependencyG
raphBuilder.resolve(De
pendencyGraphBuilder.j
ava:164)
	at org.gradle.api.int
ernal.artifacts.ivyser
vice.resolveengine.Dep
endencyGraphResolver.r
esolve(DependencyGraph
Resolver.java:120)
	at org.gradle.api.int
ernal.artifacts.ivyser
vice.ResolutionExecuto
r.doResolve(Resolution
Executor.java:482)
	at org.gradle.api.int
ernal.artifacts.ivyser
vice.ResolutionExecuto
r.resolveGraph(Resolut
ionExecutor.java:355)
	at org.gradle.api.int
ernal.artifacts.ivyser
vice.ShortCircuitingRe
solutionExecutor.resol
veGraph(ShortCircuitin
gResolutionExecutor.ja
va:92)
	at org.gradle.api.int
ernal.artifacts.ivyser
vice.DefaultConfigurat
ionResolver.resolveGra
ph(DefaultConfiguratio
nResolver.java:129)
	at org.gradle.api.int
ernal.artifacts.config
urations.DefaultConfig
uration$1.call(Default
Configuration.java:764
)
	at org.gradle.api.int
ernal.artifacts.config
urations.DefaultConfig
uration$1.call(Default
Configuration.java:756
)
	at org.gradle.interna
l.operations.DefaultBu
ildOperationRunner$Cal
lableBuildOperationWor
ker.execute(DefaultBui
ldOperationRunner.java
:210)
	at org.gradle.interna
l.operations.DefaultBu
ildOperationRunner$Cal
lableBuildOperationWor
ker.execute(DefaultBui
ldOperationRunner.java
:205)
	at org.gradle.interna
l.operations.DefaultBu
ildOperationRunner$2.e
xecute(DefaultBuildOpe
rationRunner.java:67)
	at org.gradle.interna
l.operations.DefaultBu
ildOperationRunner$2.e
xecute(DefaultBuildOpe
rationRunner.java:60)
	at org.gradle.interna
l.operations.DefaultBu
ildOperationRunner.exe
cute(DefaultBuildOpera
tionRunner.java:167)
	at org.gradle.interna
l.operations.DefaultBu
ildOperationRunner.exe
cute(DefaultBuildOpera
tionRunner.java:60)
	at org.gradle.interna
l.operations.DefaultBu
ildOperationRunner.cal
l(DefaultBuildOperatio
nRunner.java:54)
	at org.gradle.api.int
ernal.artifacts.config
urations.DefaultConfig
uration.resolveGraphIn
BuildOperation(Default
Configuration.java:756
)
	at org.gradle.api.int
ernal.artifacts.config
urations.DefaultConfig
uration.lambda$resolve
ExclusivelyIfRequired$
5(DefaultConfiguration
.java:748)
	at org.gradle.api.int
ernal.initialization.S
tandaloneDomainObjectC
ontext$CalculatedModel
ValueImpl.update(Stand
aloneDomainObjectConte
xt.java:229)
	at org.gradle.api.int
ernal.artifacts.config
urations.DefaultConfig
uration.resolveExclusi
velyIfRequired(Default
Configuration.java:743
)
	at org.gradle.api.int
ernal.artifacts.config
urations.DefaultConfig
uration.resolveGraphIf
Required(DefaultConfig
uration.java:736)
	at org.gradle.api.int
ernal.artifacts.config
urations.DefaultConfig
uration.access$1300(De
faultConfiguration.jav
a:150)
	at org.gradle.api.int
ernal.artifacts.config
urations.DefaultConfig
uration$ResolverResult
sResolutionResultProvi
der.getValue(DefaultCo
nfiguration.java:709)
	at org.gradle.api.int
ernal.artifacts.config
urations.DefaultConfig
uration$ResolverResult
sResolutionResultProvi
der.getValue(DefaultCo
nfiguration.java:695)
	at org.gradle.api.int
ernal.artifacts.config
urations.ResolutionRes
ultProvider$1.getValue
(ResolutionResultProvi
der.java:54)
	at org.gradle.api.int
ernal.artifacts.config
urations.ResolutionRes
ultProviderBackedSelec
tedArtifactSet.visitAr
tifacts(ResolutionResu
ltProviderBackedSelect
edArtifactSet.java:50)
	at org.gradle.api.int
ernal.artifacts.config
urations.DefaultArtifa
ctCollection.lambda$ne
w$0(DefaultArtifactCol
lection.java:46)
	at org.gradle.interna
l.model.CalculatedValu
eContainerFactory$Supp
lierBackedCalculator.c
alculateValue(Calculat
edValueContainerFactor
y.java:69)
	at org.gradle.interna
l.model.CalculatedValu
eContainer$Calculation
State.lambda$attachVal
ue$0(CalculatedValueCo
ntainer.java:229)
	at org.gradle.interna
l.Try.ofFailable(Try.j
ava:50)
	at org.gradle.interna
l.model.CalculatedValu
eContainer$Calculation
State.attachValue(Calc
ulatedValueContainer.j
ava:224)
	at org.gradle.interna
l.model.CalculatedValu
eContainer.finalizeIfN
otAlready(CalculatedVa
lueContainer.java:195)
	at org.gradle.interna
l.model.CalculatedValu
eContainer.finalizeIfN
otAlready(CalculatedVa
lueContainer.java:186)
	at org.gradle.api.int
ernal.artifacts.config
urations.DefaultArtifa
ctCollection.ensureRes
olved(DefaultArtifactC
ollection.java:103)
	at org.gradle.api.int
ernal.artifacts.config
urations.DefaultArtifa
ctCollection.getArtifa
cts(DefaultArtifactCol
lection.java:75)
	at org.gradle.api.int
ernal.initialization.t
ransform.utils.Instrum
entationClasspathMerge
r.mergeToClasspath(Ins
trumentationClasspathM
erger.java:52)
	at org.gradle.api.int
ernal.initialization.D
efaultScriptClassPathR
esolver.resolveClassPa
th(DefaultScriptClassP
athResolver.java:155)
	at org.gradle.api.int
ernal.initialization.D
efaultBuildLogicBuilde
r.lambda$resolveClassP
ath$0(DefaultBuildLogi
cBuilder.java:64)
	at org.gradle.api.int
ernal.initialization.D
efaultBuildLogicBuildQ
ueue.build(DefaultBuil
dLogicBuildQueue.java:
69)
	at org.gradle.api.int
ernal.initialization.D
efaultBuildLogicBuilde
r.resolveClassPath(Def
aultBuildLogicBuilder.
java:61)
	at org.gradle.api.int
ernal.initialization.D
efaultScriptHandler.la
mbda$getInstrumentedSc
riptClassPath$0(Defaul
tScriptHandler.java:10
9)
	at org.gradle.api.int
ernal.artifacts.config
urations.DefaultConfig
uration.callAndResetRe
solutionState(DefaultC
onfiguration.java:900)
	at org.gradle.api.int
ernal.initialization.D
efaultScriptHandler.ge
tInstrumentedScriptCla
ssPath(DefaultScriptHa
ndler.java:113)
	at org.gradle.plugin.
use.internal.DefaultPl
uginRequestApplicator.
applyPlugins(DefaultPl
uginRequestApplicator.
java:129)
	at org.gradle.kotlin.
dsl.provider.PluginReq
uestsHandler.handle(Pl
uginRequestsHandler.kt
:45)
	at org.gradle.kotlin.
dsl.provider.StandardK
otlinScriptEvaluator$I
nterpreterHost.applyPl
uginsTo(KotlinScriptEv
aluator.kt:242)
	at org.gradle.kotlin.
dsl.execution.Interpre
ter$ProgramHost.applyP
luginsTo(Interpreter.k
t:387)
	at Program.execute(Un
known Source)
	at org.gradle.kotlin.
dsl.execution.Interpre
ter$ProgramHost.eval(I
nterpreter.kt:516)
	at org.gradle.kotlin.
dsl.execution.Interpre
ter.eval(Interpreter.k
t:214)
	at org.gradle.kotlin.
dsl.provider.StandardK
otlinScriptEvaluator.e
valuate(KotlinScriptEv
aluator.kt:133)
	at org.gradle.kotlin.
dsl.provider.KotlinScr
iptPluginFactory$creat
e$1.invoke(KotlinScrip
tPluginFactory.kt:61)
	at org.gradle.kotlin.
dsl.provider.KotlinScr
iptPluginFactory$creat
e$1.invoke(KotlinScrip
tPluginFactory.kt:52)
	at org.gradle.kotlin.
dsl.provider.KotlinScr
iptPlugin.apply(Kotlin
ScriptPlugin.kt:35)
	at org.gradle.configu
ration.BuildOperationS
criptPlugin$1.run(Buil
dOperationScriptPlugin
.java:68)
	at org.gradle.interna
l.operations.DefaultBu
ildOperationRunner$1.e
xecute(DefaultBuildOpe
rationRunner.java:30)
	at org.gradle.interna
l.operations.DefaultBu
ildOperationRunner$1.e
xecute(DefaultBuildOpe
rationRunner.java:27)
	at org.gradle.interna
l.operations.DefaultBu
ildOperationRunner$2.e
xecute(DefaultBuildOpe
rationRunner.java:67)
	at org.gradle.interna
l.operations.DefaultBu
ildOperationRunner$2.e
xecute(DefaultBuildOpe
rationRunner.java:60)
	at org.gradle.interna
l.operations.DefaultBu
ildOperationRunner.exe
cute(DefaultBuildOpera
tionRunner.java:167)
	at org.gradle.interna
l.operations.DefaultBu
ildOperationRunner.exe
cute(DefaultBuildOpera
tionRunner.java:60)
	at org.gradle.interna
l.operations.DefaultBu
ildOperationRunner.run
(DefaultBuildOperation
Runner.java:48)
	at org.gradle.configu
ration.BuildOperationS
criptPlugin.lambda$app
ly$0(BuildOperationScr
iptPlugin.java:65)
	at org.gradle.interna
l.code.DefaultUserCode
ApplicationContext.app
ly(DefaultUserCodeAppl
icationContext.java:44
)
	at org.gradle.configu
ration.BuildOperationS
criptPlugin.apply(Buil
dOperationScriptPlugin
.java:65)
	at org.gradle.api.int
ernal.project.DefaultP
rojectStateRegistry$Pr
ojectStateImpl.lambda$
applyToMutableState$1(
DefaultProjectStateReg
istry.java:435)
	at org.gradle.api.int
ernal.project.DefaultP
rojectStateRegistry$Pr
ojectStateImpl.fromMut
ableState(DefaultProje
ctStateRegistry.java:4
53)
	at org.gradle.api.int
ernal.project.DefaultP
rojectStateRegistry$Pr
ojectStateImpl.applyTo
MutableState(DefaultPr
ojectStateRegistry.jav
a:434)
	at org.gradle.configu
ration.project.BuildSc
riptProcessor.execute(
BuildScriptProcessor.j
ava:46)
	at org.gradle.configu
ration.project.BuildSc
riptProcessor.execute(
BuildScriptProcessor.j
ava:27)
	at org.gradle.configu
ration.project.Configu
reActionsProjectEvalua
tor.evaluate(Configure
ActionsProjectEvaluato
r.java:35)
	at org.gradle.configu
ration.project.Lifecyc
leProjectEvaluator$Eva
luateProject.lambda$ru
n$0(LifecycleProjectEv
aluator.java:109)
	at org.gradle.api.int
ernal.project.DefaultP
rojectStateRegistry$Pr
ojectStateImpl.lambda$
applyToMutableState$1(
DefaultProjectStateReg
istry.java:435)
	at org.gradle.api.int
ernal.project.DefaultP
rojectStateRegistry$Pr
ojectStateImpl.lambda$
fromMutableState$2(Def
aultProjectStateRegist
ry.java:458)
	at org.gradle.interna
l.work.DefaultWorkerLe
aseService.withReplace
dLocks(DefaultWorkerLe
aseService.java:359)
	at org.gradle.api.int
ernal.project.DefaultP
rojectStateRegistry$Pr
ojectStateImpl.fromMut
ableState(DefaultProje
ctStateRegistry.java:4
58)
	at org.gradle.api.int
ernal.project.DefaultP
rojectStateRegistry$Pr
ojectStateImpl.applyTo
MutableState(DefaultPr
ojectStateRegistry.jav
a:434)
	at org.gradle.configu
ration.project.Lifecyc
leProjectEvaluator$Eva
luateProject.run(Lifec
ycleProjectEvaluator.j
ava:100)
	at org.gradle.interna
l.operations.DefaultBu
ildOperationRunner$1.e
xecute(DefaultBuildOpe
rationRunner.java:30)
	at org.gradle.interna
l.operations.DefaultBu
ildOperationRunner$1.e
xecute(DefaultBuildOpe
rationRunner.java:27)
	at org.gradle.interna
l.operations.DefaultBu
ildOperationRunner$2.e
xecute(DefaultBuildOpe
rationRunner.java:67)
	at org.gradle.interna
l.operations.DefaultBu
ildOperationRunner$2.e
xecute(DefaultBuildOpe
rationRunner.java:60)
	at org.gradle.interna
l.operations.DefaultBu
ildOperationRunner.exe
cute(DefaultBuildOpera
tionRunner.java:167)
	at org.gradle.interna
l.operations.DefaultBu
ildOperationRunner.exe
cute(DefaultBuildOpera
tionRunner.java:60)
	at org.gradle.interna
l.operations.DefaultBu
ildOperationRunner.run
(DefaultBuildOperation
Runner.java:48)
	at org.gradle.configu
ration.project.Lifecyc
leProjectEvaluator.eva
luate(LifecycleProject
Evaluator.java:72)
	at org.gradle.api.int
ernal.project.DefaultP
roject.evaluateUncheck
ed(DefaultProject.java
:828)
	at org.gradle.api.int
ernal.project.ProjectL
ifecycleController.lam
bda$ensureSelfConfigur
ed$2(ProjectLifecycleC
ontroller.java:89)
	at org.gradle.interna
l.model.StateTransitio
nController.lambda$doT
ransition$14(StateTran
sitionController.java:
255)
	at org.gradle.interna
l.model.StateTransitio
nController.doTransiti
on(StateTransitionCont
roller.java:266)
	at org.gradle.interna
l.model.StateTransitio
nController.doTransiti
on(StateTransitionCont
roller.java:254)
	at org.gradle.interna
l.model.StateTransitio
nController.lambda$may
beTransitionIfNotCurre
ntlyTransitioning$10(S
tateTransitionControll
er.java:199)
	at org.gradle.interna
l.work.DefaultSynchron
izer.withLock(DefaultS
ynchronizer.java:36)
	at org.gradle.interna
l.model.StateTransitio
nController.maybeTrans
itionIfNotCurrentlyTra
nsitioning(StateTransi
tionController.java:19
5)
	at org.gradle.api.int
ernal.project.ProjectL
ifecycleController.ens
ureSelfConfigured(Proj
ectLifecycleController
.java:89)
	at org.gradle.api.int
ernal.project.DefaultP
rojectStateRegistry$Pr
ojectStateImpl.ensureC
onfigured(DefaultProje
ctStateRegistry.java:4
00)
	at org.gradle.executi
on.TaskPathProjectEval
uator.configure(TaskPa
thProjectEvaluator.jav
a:70)
	at org.gradle.executi
on.TaskPathProjectEval
uator.configureHierarc
hy(TaskPathProjectEval
uator.java:84)
	at org.gradle.configu
ration.DefaultProjects
Preparer.prepareProjec
ts(DefaultProjectsPrep
arer.java:50)
	at org.gradle.configu
ration.BuildTreePrepar
ingProjectsPreparer.pr
epareProjects(BuildTre
ePreparingProjectsPrep
arer.java:65)
	at org.gradle.configu
ration.BuildOperationF
iringProjectsPreparer$
ConfigureBuild.run(Bui
ldOperationFiringProje
ctsPreparer.java:52)
	at org.gradle.interna
l.operations.DefaultBu
ildOperationRunner$1.e
xecute(DefaultBuildOpe
rationRunner.java:30)
	at org.gradle.interna
l.operations.DefaultBu
ildOperationRunner$1.e
xecute(DefaultBuildOpe
rationRunner.java:27)
	at org.gradle.interna
l.operations.DefaultBu
ildOperationRunner$2.e
xecute(DefaultBuildOpe
rationRunner.java:67)
	at org.gradle.interna
l.operations.DefaultBu
ildOperationRunner$2.e
xecute(DefaultBuildOpe
rationRunner.java:60)
	at org.gradle.interna
l.operations.DefaultBu
ildOperationRunner.exe
cute(DefaultBuildOpera
tionRunner.java:167)
	at org.gradle.interna
l.operations.DefaultBu
ildOperationRunner.exe
cute(DefaultBuildOpera
tionRunner.java:60)
	at org.gradle.interna
l.operations.DefaultBu
ildOperationRunner.run
(DefaultBuildOperation
Runner.java:48)
	at org.gradle.configu
ration.BuildOperationF
iringProjectsPreparer.
prepareProjects(BuildO
perationFiringProjects
Preparer.java:40)
	at org.gradle.initial
ization.VintageBuildMo
delController.lambda$p
repareProjects$2(Vinta
geBuildModelController
.java:84)
	at org.gradle.interna
l.model.StateTransitio
nController.lambda$doT
ransition$14(StateTran
sitionController.java:
255)
	at org.gradle.interna
l.model.StateTransitio
nController.doTransiti
on(StateTransitionCont
roller.java:266)
	at org.gradle.interna
l.model.StateTransitio
nController.doTransiti
on(StateTransitionCont
roller.java:254)
	at org.gradle.interna
l.model.StateTransitio
nController.lambda$tra
nsitionIfNotPreviously
$11(StateTransitionCon
troller.java:213)
	at org.gradle.interna
l.work.DefaultSynchron
izer.withLock(DefaultS
ynchronizer.java:36)
	at org.gradle.interna
l.model.StateTransitio
nController.transition
IfNotPreviously(StateT
ransitionController.ja
va:209)
	at org.gradle.initial
ization.VintageBuildMo
delController.prepareP
rojects(VintageBuildMo
delController.java:84)
	at org.gradle.initial
ization.VintageBuildMo
delController.prepareT
oScheduleTasks(Vintage
BuildModelController.j
ava:71)
	at org.gradle.interna
l.build.DefaultBuildLi
fecycleController.lamb
da$prepareToScheduleTa
sks$6(DefaultBuildLife
cycleController.java:1
75)
	at org.gradle.interna
l.model.StateTransitio
nController.lambda$doT
ransition$14(StateTran
sitionController.java:
255)
	at org.gradle.interna
l.model.StateTransitio
nController.doTransiti
on(StateTransitionCont
roller.java:266)
	at org.gradle.interna
l.model.StateTransitio
nController.doTransiti
on(StateTransitionCont
roller.java:254)
	at org.gradle.interna
l.model.StateTransitio
nController.lambda$may
beTransition$9(StateTr
ansitionController.jav
a:190)
	at org.gradle.interna
l.work.DefaultSynchron
izer.withLock(DefaultS
ynchronizer.java:36)
	at org.gradle.interna
l.model.StateTransitio
nController.maybeTrans
ition(StateTransitionC
ontroller.java:186)
	at org.gradle.interna
l.build.DefaultBuildLi
fecycleController.prep
areToScheduleTasks(Def
aultBuildLifecycleCont
roller.java:173)
	at org.gradle.interna
l.buildtree.DefaultBui
ldTreeWorkPreparer.sch
eduleRequestedTasks(De
faultBuildTreeWorkPrep
arer.java:36)
	at org.gradle.interna
l.cc.impl.VintageBuild
TreeWorkController$sch
eduleAndRunRequestedTa
sks$1.apply(VintageBui
ldTreeWorkController.k
t:36)
	at org.gradle.interna
l.cc.impl.VintageBuild
TreeWorkController$sch
eduleAndRunRequestedTa
sks$1.apply(VintageBui
ldTreeWorkController.k
t:35)
	at org.gradle.composi
te.internal.DefaultInc
ludedBuildTaskGraph.wi
thNewWorkGraph(Default
IncludedBuildTaskGraph
.java:112)
	at org.gradle.interna
l.cc.impl.VintageBuild
TreeWorkController.sch
eduleAndRunRequestedTa
sks(VintageBuildTreeWo
rkController.kt:35)
	at org.gradle.interna
l.buildtree.DefaultBui
ldTreeLifecycleControl
ler.lambda$scheduleAnd
RunTasks$1(DefaultBuil
dTreeLifecycleControll
er.java:77)
	at org.gradle.interna
l.buildtree.DefaultBui
ldTreeLifecycleControl
ler.lambda$runBuild$4(
DefaultBuildTreeLifecy
cleController.java:120
)
	at org.gradle.interna
l.model.StateTransitio
nController.lambda$tra
nsition$6(StateTransit
ionController.java:169
)
	at org.gradle.interna
l.model.StateTransitio
nController.doTransiti
on(StateTransitionCont
roller.java:266)
	at org.gradle.interna
l.model.StateTransitio
nController.lambda$tra
nsition$7(StateTransit
ionController.java:169
)
	at org.gradle.interna
l.work.DefaultSynchron
izer.withLock(DefaultS
ynchronizer.java:46)
	at org.gradle.interna
l.model.StateTransitio
nController.transition
(StateTransitionContro
ller.java:169)
	at org.gradle.interna
l.buildtree.DefaultBui
ldTreeLifecycleControl
ler.runBuild(DefaultBu
ildTreeLifecycleContro
ller.java:117)
	at org.gradle.interna
l.buildtree.DefaultBui
ldTreeLifecycleControl
ler.scheduleAndRunTask
s(DefaultBuildTreeLife
cycleController.java:7
7)
	at org.gradle.interna
l.buildtree.DefaultBui
ldTreeLifecycleControl
ler.scheduleAndRunTask
s(DefaultBuildTreeLife
cycleController.java:7
2)
	at org.gradle.tooling
.internal.provider.Exe
cuteBuildActionRunner.
run(ExecuteBuildAction
Runner.java:31)
	at org.gradle.launche
r.exec.ChainingBuildAc
tionRunner.run(Chainin
gBuildActionRunner.jav
a:35)
	at org.gradle.interna
l.buildtree.ProblemRep
ortingBuildActionRunne
r.run(ProblemReporting
BuildActionRunner.java
:49)
	at org.gradle.launche
r.exec.BuildOutcomeRep
ortingBuildActionRunne
r.run(BuildOutcomeRepo
rtingBuildActionRunner
.java:71)
	at org.gradle.tooling
.internal.provider.Fil
eSystemWatchingBuildAc
tionRunner.run(FileSys
temWatchingBuildAction
Runner.java:135)
	at org.gradle.launche
r.exec.BuildCompletion
NotifyingBuildActionRu
nner.run(BuildCompleti
onNotifyingBuildAction
Runner.java:41)
	at org.gradle.launche
r.exec.RootBuildLifecy
cleBuildActionExecutor
.lambda$execute$0(Root
BuildLifecycleBuildAct
ionExecutor.java:54)
	at org.gradle.composi
te.internal.DefaultRoo
tBuildState.run(Defaul
tRootBuildState.java:1
30)
	at org.gradle.launche
r.exec.RootBuildLifecy
cleBuildActionExecutor
.execute(RootBuildLife
cycleBuildActionExecut
or.java:54)
	at org.gradle.interna
l.buildtree.InitDeprec
ationLoggingActionExec
utor.execute(InitDepre
cationLoggingActionExe
cutor.java:62)
	at org.gradle.interna
l.buildtree.InitProble
ms.execute(InitProblem
s.java:36)
	at org.gradle.interna
l.buildtree.DefaultBui
ldTreeContext.execute(
DefaultBuildTreeContex
t.java:40)
	at org.gradle.launche
r.exec.BuildTreeLifecy
cleBuildActionExecutor
.lambda$execute$0(Buil
dTreeLifecycleBuildAct
ionExecutor.java:71)
	at org.gradle.interna
l.buildtree.BuildTreeS
tate.run(BuildTreeStat
e.java:60)
	at org.gradle.launche
r.exec.BuildTreeLifecy
cleBuildActionExecutor
.execute(BuildTreeLife
cycleBuildActionExecut
or.java:71)
	at org.gradle.launche
r.exec.RunAsBuildOpera
tionBuildActionExecuto
r$2.call(RunAsBuildOpe
rationBuildActionExecu
tor.java:67)
	at org.gradle.launche
r.exec.RunAsBuildOpera
tionBuildActionExecuto
r$2.call(RunAsBuildOpe
rationBuildActionExecu
tor.java:63)
	at org.gradle.interna
l.operations.DefaultBu
ildOperationRunner$Cal
lableBuildOperationWor
ker.execute(DefaultBui
ldOperationRunner.java
:210)
	at org.gradle.interna
l.operations.DefaultBu
ildOperationRunner$Cal
lableBuildOperationWor
ker.execute(DefaultBui
ldOperationRunner.java
:205)
	at org.gradle.interna
l.operations.DefaultBu
ildOperationRunner$2.e
xecute(DefaultBuildOpe
rationRunner.java:67)
	at org.gradle.interna
l.operations.DefaultBu
ildOperationRunner$2.e
xecute(DefaultBuildOpe
rationRunner.java:60)
	at org.gradle.interna
l.operations.DefaultBu
ildOperationRunner.exe
cute(DefaultBuildOpera
tionRunner.java:167)
	at org.gradle.interna
l.operations.DefaultBu
ildOperationRunner.exe
cute(DefaultBuildOpera
tionRunner.java:60)
	at org.gradle.interna
l.operations.DefaultBu
ildOperationRunner.cal
l(DefaultBuildOperatio
nRunner.java:54)
	at org.gradle.launche
r.exec.RunAsBuildOpera
tionBuildActionExecuto
r.execute(RunAsBuildOp
erationBuildActionExec
utor.java:63)
	at org.gradle.launche
r.exec.RunAsWorkerThre
adBuildActionExecutor.
lambda$execute$0(RunAs
WorkerThreadBuildActio
nExecutor.java:36)
	at org.gradle.interna
l.work.DefaultWorkerLe
aseService.withLocks(D
efaultWorkerLeaseServi
ce.java:263)
	at org.gradle.interna
l.work.DefaultWorkerLe
aseService.runAsWorker
Thread(DefaultWorkerLe
aseService.java:127)
	at org.gradle.launche
r.exec.RunAsWorkerThre
adBuildActionExecutor.
execute(RunAsWorkerThr
eadBuildActionExecutor
.java:36)
	at org.gradle.tooling
.internal.provider.con
tinuous.ContinuousBuil
dActionExecutor.execut
e(ContinuousBuildActio
nExecutor.java:110)
	at org.gradle.tooling
.internal.provider.Sub
scribableBuildActionEx
ecutor.execute(Subscri
bableBuildActionExecut
or.java:64)
	at org.gradle.interna
l.session.DefaultBuild
SessionContext.execute
(DefaultBuildSessionCo
ntext.java:46)
	at org.gradle.interna
l.buildprocess.executi
on.BuildSessionLifecyc
leBuildActionExecutor$
ActionImpl.apply(Build
SessionLifecycleBuildA
ctionExecutor.java:92)
	at org.gradle.interna
l.buildprocess.executi
on.BuildSessionLifecyc
leBuildActionExecutor$
ActionImpl.apply(Build
SessionLifecycleBuildA
ctionExecutor.java:80)
	at org.gradle.interna
l.session.BuildSession
State.run(BuildSession
State.java:73)
	at org.gradle.interna
l.buildprocess.executi
on.BuildSessionLifecyc
leBuildActionExecutor.
execute(BuildSessionLi
fecycleBuildActionExec
utor.java:62)
	at org.gradle.interna
l.buildprocess.executi
on.BuildSessionLifecyc
leBuildActionExecutor.
execute(BuildSessionLi
fecycleBuildActionExec
utor.java:41)
	at org.gradle.interna
l.buildprocess.executi
on.StartParamsValidati
ngActionExecutor.execu
te(StartParamsValidati
ngActionExecutor.java:
64)
	at org.gradle.interna
l.buildprocess.executi
on.StartParamsValidati
ngActionExecutor.execu
te(StartParamsValidati
ngActionExecutor.java:
32)
	at org.gradle.interna
l.buildprocess.executi
on.SessionFailureRepor
tingActionExecutor.exe
cute(SessionFailureRep
ortingActionExecutor.j
ava:51)
	at org.gradle.interna
l.buildprocess.executi
on.SessionFailureRepor
tingActionExecutor.exe
cute(SessionFailureRep
ortingActionExecutor.j
ava:39)
	at org.gradle.interna
l.buildprocess.executi
on.SetupLoggingActionE
xecutor.execute(SetupL
oggingActionExecutor.j
ava:47)
	at org.gradle.interna
l.buildprocess.executi
on.SetupLoggingActionE
xecutor.execute(SetupL
oggingActionExecutor.j
ava:31)
	at org.gradle.launche
r.daemon.server.exec.E
xecuteBuild.doBuild(Ex
ecuteBuild.java:70)
	at org.gradle.launche
r.daemon.server.exec.B
uildCommandOnly.execut
e(BuildCommandOnly.jav
a:37)
	at org.gradle.launche
r.daemon.server.api.Da
emonCommandExecution.p
roceed(DaemonCommandEx
ecution.java:104)
	at org.gradle.launche
r.daemon.server.exec.W
atchForDisconnection.e
xecute(WatchForDisconn
ection.java:39)
	at org.gradle.launche
r.daemon.server.api.Da
emonCommandExecution.p
roceed(DaemonCommandEx
ecution.java:104)
	at org.gradle.launche
r.daemon.server.exec.R
esetDeprecationLogger.
execute(ResetDeprecati
onLogger.java:29)
	at org.gradle.launche
r.daemon.server.api.Da
emonCommandExecution.p
roceed(DaemonCommandEx
ecution.java:104)
	at org.gradle.launche
r.daemon.server.exec.R
equestStopIfSingleUsed
Daemon.execute(Request
StopIfSingleUsedDaemon
.java:35)
	at org.gradle.launche
r.daemon.server.api.Da
emonCommandExecution.p
roceed(DaemonCommandEx
ecution.java:104)
	at org.gradle.launche
r.daemon.server.exec.F
orwardClientInput.lamb
da$execute$0(ForwardCl
ientInput.java:40)
	at org.gradle.interna
l.daemon.clientinput.C
lientInputForwarder.fo
rwardInput(ClientInput
Forwarder.java:80)
	at org.gradle.launche
r.daemon.server.exec.F
orwardClientInput.exec
ute(ForwardClientInput
.java:37)
	at org.gradle.launche
r.daemon.server.api.Da
emonCommandExecution.p
roceed(DaemonCommandEx
ecution.java:104)
	at org.gradle.launche
r.daemon.server.exec.L
ogAndCheckHealth.execu
te(LogAndCheckHealth.j
ava:53)
	at org.gradle.launche
r.daemon.server.api.Da
emonCommandExecution.p
roceed(DaemonCommandEx
ecution.java:104)
	at org.gradle.launche
r.daemon.server.exec.L
ogToClient.doBuild(Log
ToClient.java:63)
	at org.gradle.launche
r.daemon.server.exec.B
uildCommandOnly.execut
e(BuildCommandOnly.jav
a:37)
	at org.gradle.launche
r.daemon.server.api.Da
emonCommandExecution.p
roceed(DaemonCommandEx
ecution.java:104)
	at org.gradle.launche
r.daemon.server.exec.E
stablishBuildEnvironme
nt.doBuild(EstablishBu
ildEnvironment.java:84
)
	at org.gradle.launche
r.daemon.server.exec.B
uildCommandOnly.execut
e(BuildCommandOnly.jav
a:37)
	at org.gradle.launche
r.daemon.server.api.Da
emonCommandExecution.p
roceed(DaemonCommandEx
ecution.java:104)
	at org.gradle.launche
r.daemon.server.exec.S
tartBuildOrRespondWith
Busy$1.run(StartBuildO
rRespondWithBusy.java:
52)
	at org.gradle.launche
r.daemon.server.Daemon
StateCoordinator.lambd
a$runCommand$0(DaemonS
tateCoordinator.java:3
21)
	at org.gradle.interna
l.concurrent.ExecutorP
olicy$CatchAndRecordFa
ilures.onExecute(Execu
torPolicy.java:64)
	at org.gradle.interna
l.concurrent.AbstractM
anagedExecutor$1.run(A
bstractManagedExecutor
.java:48)
Cause 2: org.gradle.in
ternal.resolve.ModuleV
ersionResolveException
: Could not resolve co
m.google.gms:google-se
rvices:4.4.4.
Required by:
    root project : > c
om.google.gms.google-s
ervices:com.google.gms
.google-services.gradl
e.plugin:4.4.4
Caused by: org.gradle.
internal.component.res
olution.failure.except
ion.VariantSelectionBy
AttributesException: 
Dependency requires 
at least JVM runtime 
version 11. This 
build uses a Java 8 
JVM.
	at org.gradle.api.int
ernal.artifacts.dsl.de
pendencies.TargetJVMVe
rsionOnPluginTooNewFai
lureDescriber.describe
Failure(TargetJVMVersi
onOnPluginTooNewFailur
eDescriber.java:63)
	at org.gradle.api.int
ernal.artifacts.dsl.de
pendencies.TargetJVMVe
rsionOnPluginTooNewFai
lureDescriber.describe
Failure(TargetJVMVersi
onOnPluginTooNewFailur
eDescriber.java:42)
	at org.gradle.interna
l.component.resolution
.failure.ResolutionFai
lureHandler.lambda$des
cribeFailure$3(Resolut
ionFailureHandler.java
:275)
	at java.util.Optional
.map(Unknown Source)
	at org.gradle.interna
l.component.resolution
.failure.ResolutionFai
lureHandler.describeFa
ilure(ResolutionFailur
eHandler.java:275)
	at org.gradle.interna
l.component.resolution
.failure.ResolutionFai
lureHandler.noCompatib
leVariantsFailure(Reso
lutionFailureHandler.j
ava:173)
	at org.gradle.interna
l.component.model.Grap
hVariantSelector.selec
tByAttributeMatching(G
raphVariantSelector.ja
va:94)
	at org.gradle.interna
l.component.external.m
odel.ExternalModuleDep
endencyMetadata.select
Variants(ExternalModul
eDependencyMetadata.ja
va:64)
	at org.gradle.api.int
ernal.artifacts.ivyser
vice.resolveengine.gra
ph.builder.EdgeState.c
alculateTargetNodes(Ed
geState.java:257)
	at org.gradle.api.int
ernal.artifacts.ivyser
vice.resolveengine.gra
ph.builder.EdgeState.a
ttachToTargetNodes(Edg
eState.java:148)
	at org.gradle.api.int
ernal.artifacts.ivyser
vice.resolveengine.gra
ph.builder.DependencyG
raphBuilder.attachToTa
rgetRevisionsSerially(
DependencyGraphBuilder
.java:390)
	at org.gradle.api.int
ernal.artifacts.ivyser
vice.resolveengine.gra
ph.builder.DependencyG
raphBuilder.resolveEdg
es(DependencyGraphBuil
der.java:280)
	at org.gradle.api.int
ernal.artifacts.ivyser
vice.resolveengine.gra
ph.builder.DependencyG
raphBuilder.traverseGr
aph(DependencyGraphBui
lder.java:205)
	at org.gradle.api.int
ernal.artifacts.ivyser
vice.resolveengine.gra
ph.builder.DependencyG
raphBuilder.resolve(De
pendencyGraphBuilder.j
ava:164)
	at org.gradle.api.int
ernal.artifacts.ivyser
vice.resolveengine.Dep
endencyGraphResolver.r
esolve(DependencyGraph
Resolver.java:120)
	at org.gradle.api.int
ernal.artifacts.ivyser
vice.ResolutionExecuto
r.doResolve(Resolution
Executor.java:482)
	at org.gradle.api.int
ernal.artifacts.ivyser
vice.ResolutionExecuto
r.resolveGraph(Resolut
ionExecutor.java:355)
	at org.gradle.api.int
ernal.artifacts.ivyser
vice.ShortCircuitingRe
solutionExecutor.resol
veGraph(ShortCircuitin
gResolutionExecutor.ja
va:92)
	at org.gradle.api.int
ernal.artifacts.ivyser
vice.DefaultConfigurat
ionResolver.resolveGra
ph(DefaultConfiguratio
nResolver.java:129)
	at org.gradle.api.int
ernal.artifacts.config
urations.DefaultConfig
uration$1.call(Default
Configuration.java:764
)
	at org.gradle.api.int
ernal.artifacts.config
urations.DefaultConfig
uration$1.call(Default
Configuration.java:756
)
	at org.gradle.interna
l.operations.DefaultBu
ildOperationRunner$Cal
lableBuildOperationWor
ker.execute(DefaultBui
ldOperationRunner.java
:210)
	at org.gradle.interna
l.operations.DefaultBu
ildOperationRunner$Cal
lableBuildOperationWor
ker.execute(DefaultBui
ldOperationRunner.java
:205)
	at org.gradle.interna
l.operations.DefaultBu
ildOperationRunner$2.e
xecute(DefaultBuildOpe
rationRunner.java:67)
	at org.gradle.interna
l.operations.DefaultBu
ildOperationRunner$2.e
xecute(DefaultBuildOpe
rationRunner.java:60)
	at org.gradle.interna
l.operations.DefaultBu
ildOperationRunner.exe
cute(DefaultBuildOpera
tionRunner.java:167)
	at org.gradle.interna
l.operations.DefaultBu
ildOperationRunner.exe
cute(DefaultBuildOpera
tionRunner.java:60)
	at org.gradle.interna
l.operations.DefaultBu
ildOperationRunner.cal
l(DefaultBuildOperatio
nRunner.java:54)
	at org.gradle.api.int
ernal.artifacts.config
urations.DefaultConfig
uration.resolveGraphIn
BuildOperation(Default
Configuration.java:756
)
	at org.gradle.api.int
ernal.artifacts.config
urations.DefaultConfig
uration.lambda$resolve
ExclusivelyIfRequired$
5(DefaultConfiguration
.java:748)
	at org.gradle.api.int
ernal.initialization.S
tandaloneDomainObjectC
ontext$CalculatedModel
ValueImpl.update(Stand
aloneDomainObjectConte
xt.java:229)
	at org.gradle.api.int
ernal.artifacts.config
urations.DefaultConfig
uration.resolveExclusi
velyIfRequired(Default
Configuration.java:743
)
	at org.gradle.api.int
ernal.artifacts.config
urations.DefaultConfig
uration.resolveGraphIf
Required(DefaultConfig
uration.java:736)
	at org.gradle.api.int
ernal.artifacts.config
urations.DefaultConfig
uration.access$1300(De
faultConfiguration.jav
a:150)
	at org.gradle.api.int
ernal.artifacts.config
urations.DefaultConfig
uration$ResolverResult
sResolutionResultProvi
der.getValue(DefaultCo
nfiguration.java:709)
	at org.gradle.api.int
ernal.artifacts.config
urations.DefaultConfig
uration$ResolverResult
sResolutionResultProvi
der.getValue(DefaultCo
nfiguration.java:695)
	at org.gradle.api.int
ernal.artifacts.config
urations.ResolutionRes
ultProvider$1.getValue
(ResolutionResultProvi
der.java:54)
	at org.gradle.api.int
ernal.artifacts.config
urations.ResolutionRes
ultProviderBackedSelec
tedArtifactSet.visitAr
tifacts(ResolutionResu
ltProviderBackedSelect
edArtifactSet.java:50)
	at org.gradle.api.int
ernal.artifacts.config
urations.DefaultArtifa
ctCollection.lambda$ne
w$0(DefaultArtifactCol
lection.java:46)
	at org.gradle.interna
l.model.CalculatedValu
eContainerFactory$Supp
lierBackedCalculator.c
alculateValue(Calculat
edValueContainerFactor
y.java:69)
	at org.gradle.interna
l.model.CalculatedValu
eContainer$Calculation
State.lambda$attachVal
ue$0(CalculatedValueCo
ntainer.java:229)
	at org.gradle.interna
l.Try.ofFailable(Try.j
ava:50)
	at org.gradle.interna
l.model.CalculatedValu
eContainer$Calculation
State.attachValue(Calc
ulatedValueContainer.j
ava:224)
	at org.gradle.interna
l.model.CalculatedValu
eContainer.finalizeIfN
otAlready(CalculatedVa
lueContainer.java:195)
	at org.gradle.interna
l.model.CalculatedValu
eContainer.finalizeIfN
otAlready(CalculatedVa
lueContainer.java:186)
	at org.gradle.api.int
ernal.artifacts.config
urations.DefaultArtifa
ctCollection.ensureRes
olved(DefaultArtifactC
ollection.java:103)
	at org.gradle.api.int
ernal.artifacts.config
urations.DefaultArtifa
ctCollection.getArtifa
cts(DefaultArtifactCol
lection.java:75)
	at org.gradle.api.int
ernal.initialization.t
ransform.utils.Instrum
entationClasspathMerge
r.mergeToClasspath(Ins
trumentationClasspathM
erger.java:52)
	at org.gradle.api.int
ernal.initialization.D
efaultScriptClassPathR
esolver.resolveClassPa
th(DefaultScriptClassP
athResolver.java:155)
	at org.gradle.api.int
ernal.initialization.D
efaultBuildLogicBuilde
r.lambda$resolveClassP
ath$0(DefaultBuildLogi
cBuilder.java:64)
	at org.gradle.api.int
ernal.initialization.D
efaultBuildLogicBuildQ
ueue.build(DefaultBuil
dLogicBuildQueue.java:
69)
	at org.gradle.api.int
ernal.initialization.D
efaultBuildLogicBuilde
r.resolveClassPath(Def
aultBuildLogicBuilder.
java:61)
	at org.gradle.api.int
ernal.initialization.D
efaultScriptHandler.la
mbda$getInstrumentedSc
riptClassPath$0(Defaul
tScriptHandler.java:10
9)
	at org.gradle.api.int
ernal.artifacts.config
urations.DefaultConfig
uration.callAndResetRe
solutionState(DefaultC
onfiguration.java:900)
	at org.gradle.api.int
ernal.initialization.D
efaultScriptHandler.ge
tInstrumentedScriptCla
ssPath(DefaultScriptHa
ndler.java:113)
	at org.gradle.plugin.
use.internal.DefaultPl
uginRequestApplicator.
applyPlugins(DefaultPl
uginRequestApplicator.
java:129)
	at org.gradle.kotlin.
dsl.provider.PluginReq
uestsHandler.handle(Pl
uginRequestsHandler.kt
:45)
	at org.gradle.kotlin.
dsl.provider.StandardK
otlinScriptEvaluator$I
nterpreterHost.applyPl
uginsTo(KotlinScriptEv
aluator.kt:242)
	at org.gradle.kotlin.
dsl.execution.Interpre
ter$ProgramHost.applyP
luginsTo(Interpreter.k
t:387)
	at Program.execute(Un
known Source)
	at org.gradle.kotlin.
dsl.execution.Interpre
ter$ProgramHost.eval(I
nterpreter.kt:516)
	at org.gradle.kotlin.
dsl.execution.Interpre
ter.eval(Interpreter.k
t:214)
	at org.gradle.kotlin.
dsl.provider.StandardK
otlinScriptEvaluator.e
valuate(KotlinScriptEv
aluator.kt:133)
	at org.gradle.kotlin.
dsl.provider.KotlinScr
iptPluginFactory$creat
e$1.invoke(KotlinScrip
tPluginFactory.kt:61)
	at org.gradle.kotlin.
dsl.provider.KotlinScr
iptPluginFactory$creat
e$1.invoke(KotlinScrip
tPluginFactory.kt:52)
	at org.gradle.kotlin.
dsl.provider.KotlinScr
iptPlugin.apply(Kotlin
ScriptPlugin.kt:35)
	at org.gradle.configu
ration.BuildOperationS
criptPlugin$1.run(Buil
dOperationScriptPlugin
.java:68)
	at org.gradle.interna
l.operations.DefaultBu
ildOperationRunner$1.e
xecute(DefaultBuildOpe
rationRunner.java:30)
	at org.gradle.interna
l.operations.DefaultBu
ildOperationRunner$1.e
xecute(DefaultBuildOpe
rationRunner.java:27)
	at org.gradle.interna
l.operations.DefaultBu
ildOperationRunner$2.e
xecute(DefaultBuildOpe
rationRunner.java:67)
	at org.gradle.interna
l.operations.DefaultBu
ildOperationRunner$2.e
xecute(DefaultBuildOpe
rationRunner.java:60)
	at org.gradle.interna
l.operations.DefaultBu
ildOperationRunner.exe
cute(DefaultBuildOpera
tionRunner.java:167)
	at org.gradle.interna
l.operations.DefaultBu
ildOperationRunner.exe
cute(DefaultBuildOpera
tionRunner.java:60)
	at org.gradle.interna
l.operations.DefaultBu
ildOperationRunner.run
(DefaultBuildOperation
Runner.java:48)
	at org.gradle.configu
ration.BuildOperationS
criptPlugin.lambda$app
ly$0(BuildOperationScr
iptPlugin.java:65)
	at org.gradle.interna
l.code.DefaultUserCode
ApplicationContext.app
ly(DefaultUserCodeAppl
icationContext.java:44
)
	at org.gradle.configu
ration.BuildOperationS
criptPlugin.apply(Buil
dOperationScriptPlugin
.java:65)
	at org.gradle.api.int
ernal.project.DefaultP
rojectStateRegistry$Pr
ojectStateImpl.lambda$
applyToMutableState$1(
DefaultProjectStateReg
istry.java:435)
	at org.gradle.api.int
ernal.project.DefaultP
rojectStateRegistry$Pr
ojectStateImpl.fromMut
ableState(DefaultProje
ctStateRegistry.java:4
53)
	at org.gradle.api.int
ernal.project.DefaultP
rojectStateRegistry$Pr
ojectStateImpl.applyTo
MutableState(DefaultPr
ojectStateRegistry.jav
a:434)
	at org.gradle.configu
ration.project.BuildSc
riptProcessor.execute(
BuildScriptProcessor.j
ava:46)
	at org.gradle.configu
ration.project.BuildSc
riptProcessor.execute(
BuildScriptProcessor.j
ava:27)
	at org.gradle.configu
ration.project.Configu
reActionsProjectEvalua
tor.evaluate(Configure
ActionsProjectEvaluato
r.java:35)
	at org.gradle.configu
ration.project.Lifecyc
leProjectEvaluator$Eva
luateProject.lambda$ru
n$0(LifecycleProjectEv
aluator.java:109)
	at org.gradle.api.int
ernal.project.DefaultP
rojectStateRegistry$Pr
ojectStateImpl.lambda$
applyToMutableState$1(
DefaultProjectStateReg
istry.java:435)
	at org.gradle.api.int
ernal.project.DefaultP
rojectStateRegistry$Pr
ojectStateImpl.lambda$
fromMutableState$2(Def
aultProjectStateRegist
ry.java:458)
	at org.gradle.interna
l.work.DefaultWorkerLe
aseService.withReplace
dLocks(DefaultWorkerLe
aseService.java:359)
	at org.gradle.api.int
ernal.project.DefaultP
rojectStateRegistry$Pr
ojectStateImpl.fromMut
ableState(DefaultProje
ctStateRegistry.java:4
58)
	at org.gradle.api.int
ernal.project.DefaultP
rojectStateRegistry$Pr
ojectStateImpl.applyTo
MutableState(DefaultPr
ojectStateRegistry.jav
a:434)
	at org.gradle.configu
ration.project.Lifecyc
leProjectEvaluator$Eva
luateProject.run(Lifec
ycleProjectEvaluator.j
ava:100)
	at org.gradle.interna
l.operations.DefaultBu
ildOperationRunner$1.e
xecute(DefaultBuildOpe
rationRunner.java:30)
	at org.gradle.interna
l.operations.DefaultBu
ildOperationRunner$1.e
xecute(DefaultBuildOpe
rationRunner.java:27)
	at org.gradle.interna
l.operations.DefaultBu
ildOperationRunner$2.e
xecute(DefaultBuildOpe
rationRunner.java:67)
	at org.gradle.interna
l.operations.DefaultBu
ildOperationRunner$2.e
xecute(DefaultBuildOpe
rationRunner.java:60)
	at org.gradle.interna
l.operations.DefaultBu
ildOperationRunner.exe
cute(DefaultBuildOpera
tionRunner.java:167)
	at org.gradle.interna
l.operations.DefaultBu
ildOperationRunner.exe
cute(DefaultBuildOpera
tionRunner.java:60)
	at org.gradle.interna
l.operations.DefaultBu
ildOperationRunner.run
(DefaultBuildOperation
Runner.java:48)
	at org.gradle.configu
ration.project.Lifecyc
leProjectEvaluator.eva
luate(LifecycleProject
Evaluator.java:72)
	at org.gradle.api.int
ernal.project.DefaultP
roject.evaluateUncheck
ed(DefaultProject.java
:828)
	at org.gradle.api.int
ernal.project.ProjectL
ifecycleController.lam
bda$ensureSelfConfigur
ed$2(ProjectLifecycleC
ontroller.java:89)
	at org.gradle.interna
l.model.StateTransitio
nController.lambda$doT
ransition$14(StateTran
sitionController.java:
255)
	at org.gradle.interna
l.model.StateTransitio
nController.doTransiti
on(StateTransitionCont
roller.java:266)
	at org.gradle.interna
l.model.StateTransitio
nController.doTransiti
on(StateTransitionCont
roller.java:254)
	at org.gradle.interna
l.model.StateTransitio
nController.lambda$may
beTransitionIfNotCurre
ntlyTransitioning$10(S
tateTransitionControll
er.java:199)
	at org.gradle.interna
l.work.DefaultSynchron
izer.withLock(DefaultS
ynchronizer.java:36)
	at org.gradle.interna
l.model.StateTransitio
nController.maybeTrans
itionIfNotCurrentlyTra
nsitioning(StateTransi
tionController.java:19
5)
	at org.gradle.api.int
ernal.project.ProjectL
ifecycleController.ens
ureSelfConfigured(Proj
ectLifecycleController
.java:89)
	at org.gradle.api.int
ernal.project.DefaultP
rojectStateRegistry$Pr
ojectStateImpl.ensureC
onfigured(DefaultProje
ctStateRegistry.java:4
00)
	at org.gradle.executi
on.TaskPathProjectEval
uator.configure(TaskPa
thProjectEvaluator.jav
a:70)
	at org.gradle.executi
on.TaskPathProjectEval
uator.configureHierarc
hy(TaskPathProjectEval
uator.java:84)
	at org.gradle.configu
ration.DefaultProjects
Preparer.prepareProjec
ts(DefaultProjectsPrep
arer.java:50)
	at org.gradle.configu
ration.BuildTreePrepar
ingProjectsPreparer.pr
epareProjects(BuildTre
ePreparingProjectsPrep
arer.java:65)
	at org.gradle.configu
ration.BuildOperationF
iringProjectsPreparer$
ConfigureBuild.run(Bui
ldOperationFiringProje
ctsPreparer.java:52)
	at org.gradle.interna
l.operations.DefaultBu
ildOperationRunner$1.e
xecute(DefaultBuildOpe
rationRunner.java:30)
	at org.gradle.interna
l.operations.DefaultBu
ildOperationRunner$1.e
xecute(DefaultBuildOpe
rationRunner.java:27)
	at org.gradle.interna
l.operations.DefaultBu
ildOperationRunner$2.e
xecute(DefaultBuildOpe
rationRunner.java:67)
	at org.gradle.interna
l.operations.DefaultBu
ildOperationRunner$2.e
xecute(DefaultBuildOpe
rationRunner.java:60)
	at org.gradle.interna
l.operations.DefaultBu
ildOperationRunner.exe
cute(DefaultBuildOpera
tionRunner.java:167)
	at org.gradle.interna
l.operations.DefaultBu
ildOperationRunner.exe
cute(DefaultBuildOpera
tionRunner.java:60)
	at org.gradle.interna
l.operations.DefaultBu
ildOperationRunner.run
(DefaultBuildOperation
Runner.java:48)
	at org.gradle.configu
ration.BuildOperationF
iringProjectsPreparer.
prepareProjects(BuildO
perationFiringProjects
Preparer.java:40)
	at org.gradle.initial
ization.VintageBuildMo
delController.lambda$p
repareProjects$2(Vinta
geBuildModelController
.java:84)
	at org.gradle.interna
l.model.StateTransitio
nController.lambda$doT
ransition$14(StateTran
sitionController.java:
255)
	at org.gradle.interna
l.model.StateTransitio
nController.doTransiti
on(StateTransitionCont
roller.java:266)
	at org.gradle.interna
l.model.StateTransitio
nController.doTransiti
on(StateTransitionCont
roller.java:254)
	at org.gradle.interna
l.model.StateTransitio
nController.lambda$tra
nsitionIfNotPreviously
$11(StateTransitionCon
troller.java:213)
	at org.gradle.interna
l.work.DefaultSynchron
izer.withLock(DefaultS
ynchronizer.java:36)
	at org.gradle.interna
l.model.StateTransitio
nController.transition
IfNotPreviously(StateT
ransitionController.ja
va:209)
	at org.gradle.initial
ization.VintageBuildMo
delController.prepareP
rojects(VintageBuildMo
delController.java:84)
	at org.gradle.initial
ization.VintageBuildMo
delController.prepareT
oScheduleTasks(Vintage
BuildModelController.j
ava:71)
	at org.gradle.interna
l.build.DefaultBuildLi
fecycleController.lamb
da$prepareToScheduleTa
sks$6(DefaultBuildLife
cycleController.java:1
75)
	at org.gradle.interna
l.model.StateTransitio
nController.lambda$doT
ransition$14(StateTran
sitionController.java:
255)
	at org.gradle.interna
l.model.StateTransitio
nController.doTransiti
on(StateTransitionCont
roller.java:266)
	at org.gradle.interna
l.model.StateTransitio
nController.doTransiti
on(StateTransitionCont
roller.java:254)
	at org.gradle.interna
l.model.StateTransitio
nController.lambda$may
beTransition$9(StateTr
ansitionController.jav
a:190)
	at org.gradle.interna
l.work.DefaultSynchron
izer.withLock(DefaultS
ynchronizer.java:36)
	at org.gradle.interna
l.model.StateTransitio
nController.maybeTrans
ition(StateTransitionC
ontroller.java:186)
	at org.gradle.interna
l.build.DefaultBuildLi
fecycleController.prep
areToScheduleTasks(Def
aultBuildLifecycleCont
roller.java:173)
	at org.gradle.interna
l.buildtree.DefaultBui
ldTreeWorkPreparer.sch
eduleRequestedTasks(De
faultBuildTreeWorkPrep
arer.java:36)
	at org.gradle.interna
l.cc.impl.VintageBuild
TreeWorkController$sch
eduleAndRunRequestedTa
sks$1.apply(VintageBui
ldTreeWorkController.k
t:36)
	at org.gradle.interna
l.cc.impl.VintageBuild
TreeWorkController$sch
eduleAndRunRequestedTa
sks$1.apply(VintageBui
ldTreeWorkController.k
t:35)
	at org.gradle.composi
te.internal.DefaultInc
ludedBuildTaskGraph.wi
thNewWorkGraph(Default
IncludedBuildTaskGraph
.java:112)
	at org.gradle.interna
l.cc.impl.VintageBuild
TreeWorkController.sch
eduleAndRunRequestedTa
sks(VintageBuildTreeWo
rkController.kt:35)
	at org.gradle.interna
l.buildtree.DefaultBui
ldTreeLifecycleControl
ler.lambda$scheduleAnd
RunTasks$1(DefaultBuil
dTreeLifecycleControll
er.java:77)
	at org.gradle.interna
l.buildtree.DefaultBui
ldTreeLifecycleControl
ler.lambda$runBuild$4(
DefaultBuildTreeLifecy
cleController.java:120
)
	at org.gradle.interna
l.model.StateTransitio
nController.lambda$tra
nsition$6(StateTransit
ionController.java:169
)
	at org.gradle.interna
l.model.StateTransitio
nController.doTransiti
on(StateTransitionCont
roller.java:266)
	at org.gradle.interna
l.model.StateTransitio
nController.lambda$tra
nsition$7(StateTransit
ionController.java:169
)
	at org.gradle.interna
l.work.DefaultSynchron
izer.withLock(DefaultS
ynchronizer.java:46)
	at org.gradle.interna
l.model.StateTransitio
nController.transition
(StateTransitionContro
ller.java:169)
	at org.gradle.interna
l.buildtree.DefaultBui
ldTreeLifecycleControl
ler.runBuild(DefaultBu
ildTreeLifecycleContro
ller.java:117)
	at org.gradle.interna
l.buildtree.DefaultBui
ldTreeLifecycleControl
ler.scheduleAndRunTask
s(DefaultBuildTreeLife
cycleController.java:7
7)
	at org.gradle.interna
l.buildtree.DefaultBui
ldTreeLifecycleControl
ler.scheduleAndRunTask
s(DefaultBuildTreeLife
cycleController.java:7
2)
	at org.gradle.tooling
.internal.provider.Exe
cuteBuildActionRunner.
run(ExecuteBuildAction
Runner.java:31)
	at org.gradle.launche
r.exec.ChainingBuildAc
tionRunner.run(Chainin
gBuildActionRunner.jav
a:35)
	at org.gradle.interna
l.buildtree.ProblemRep
ortingBuildActionRunne
r.run(ProblemReporting
BuildActionRunner.java
:49)
	at org.gradle.launche
r.exec.BuildOutcomeRep
ortingBuildActionRunne
r.run(BuildOutcomeRepo
rtingBuildActionRunner
.java:71)
	at org.gradle.tooling
.internal.provider.Fil
eSystemWatchingBuildAc
tionRunner.run(FileSys
temWatchingBuildAction
Runner.java:135)
	at org.gradle.launche
r.exec.BuildCompletion
NotifyingBuildActionRu
nner.run(BuildCompleti
onNotifyingBuildAction
Runner.java:41)
	at org.gradle.launche
r.exec.RootBuildLifecy
cleBuildActionExecutor
.lambda$execute$0(Root
BuildLifecycleBuildAct
ionExecutor.java:54)
	at org.gradle.composi
te.internal.DefaultRoo
tBuildState.run(Defaul
tRootBuildState.java:1
30)
	at org.gradle.launche
r.exec.RootBuildLifecy
cleBuildActionExecutor
.execute(RootBuildLife
cycleBuildActionExecut
or.java:54)
	at org.gradle.interna
l.buildtree.InitDeprec
ationLoggingActionExec
utor.execute(InitDepre
cationLoggingActionExe
cutor.java:62)
	at org.gradle.interna
l.buildtree.InitProble
ms.execute(InitProblem
s.java:36)
	at org.gradle.interna
l.buildtree.DefaultBui
ldTreeContext.execute(
DefaultBuildTreeContex
t.java:40)
	at org.gradle.launche
r.exec.BuildTreeLifecy
cleBuildActionExecutor
.lambda$execute$0(Buil
dTreeLifecycleBuildAct
ionExecutor.java:71)
	at org.gradle.interna
l.buildtree.BuildTreeS
tate.run(BuildTreeStat
e.java:60)
	at org.gradle.launche
r.exec.BuildTreeLifecy
cleBuildActionExecutor
.execute(BuildTreeLife
cycleBuildActionExecut
or.java:71)
	at org.gradle.launche
r.exec.RunAsBuildOpera
tionBuildActionExecuto
r$2.call(RunAsBuildOpe
rationBuildActionExecu
tor.java:67)
	at org.gradle.launche
r.exec.RunAsBuildOpera
tionBuildActionExecuto
r$2.call(RunAsBuildOpe
rationBuildActionExecu
tor.java:63)
	at org.gradle.interna
l.operations.DefaultBu
ildOperationRunner$Cal
lableBuildOperationWor
ker.execute(DefaultBui
ldOperationRunner.java
:210)
	at org.gradle.interna
l.operations.DefaultBu
ildOperationRunner$Cal
lableBuildOperationWor
ker.execute(DefaultBui
ldOperationRunner.java
:205)
	at org.gradle.interna
l.operations.DefaultBu
ildOperationRunner$2.e
xecute(DefaultBuildOpe
rationRunner.java:67)
	at org.gradle.interna
l.operations.DefaultBu
ildOperationRunner$2.e
xecute(DefaultBuildOpe
rationRunner.java:60)
	at org.gradle.interna
l.operations.DefaultBu
ildOperationRunner.exe
cute(DefaultBuildOpera
tionRunner.java:167)
	at org.gradle.interna
l.operations.DefaultBu
ildOperationRunner.exe
cute(DefaultBuildOpera
tionRunner.java:60)
	at org.gradle.interna
l.operations.DefaultBu
ildOperationRunner.cal
l(DefaultBuildOperatio
nRunner.java:54)
	at org.gradle.launche
r.exec.RunAsBuildOpera
tionBuildActionExecuto
r.execute(RunAsBuildOp
erationBuildActionExec
utor.java:63)
	at org.gradle.launche
r.exec.RunAsWorkerThre
adBuildActionExecutor.
lambda$execute$0(RunAs
WorkerThreadBuildActio
nExecutor.java:36)
	at org.gradle.interna
l.work.DefaultWorkerLe
aseService.withLocks(D
efaultWorkerLeaseServi
ce.java:263)
	at org.gradle.interna
l.work.DefaultWorkerLe
aseService.runAsWorker
Thread(DefaultWorkerLe
aseService.java:127)
	at org.gradle.launche
r.exec.RunAsWorkerThre
adBuildActionExecutor.
execute(RunAsWorkerThr
eadBuildActionExecutor
.java:36)
	at org.gradle.tooling
.internal.provider.con
tinuous.ContinuousBuil
dActionExecutor.execut
e(ContinuousBuildActio
nExecutor.java:110)
	at org.gradle.tooling
.internal.provider.Sub
scribableBuildActionEx
ecutor.execute(Subscri
bableBuildActionExecut
or.java:64)
	at org.gradle.interna
l.session.DefaultBuild
SessionContext.execute
(DefaultBuildSessionCo
ntext.java:46)
	at org.gradle.interna
l.buildprocess.executi
on.BuildSessionLifecyc
leBuildActionExecutor$
ActionImpl.apply(Build
SessionLifecycleBuildA
ctionExecutor.java:92)
	at org.gradle.interna
l.buildprocess.executi
on.BuildSessionLifecyc
leBuildActionExecutor$
ActionImpl.apply(Build
SessionLifecycleBuildA
ctionExecutor.java:80)
	at org.gradle.interna
l.session.BuildSession
State.run(BuildSession
State.java:73)
	at org.gradle.interna
l.buildprocess.executi
on.BuildSessionLifecyc
leBuildActionExecutor.
execute(BuildSessionLi
fecycleBuildActionExec
utor.java:62)
	at org.gradle.interna
l.buildprocess.executi
on.BuildSessionLifecyc
leBuildActionExecutor.
execute(BuildSessionLi
fecycleBuildActionExec
utor.java:41)
	at org.gradle.interna
l.buildprocess.executi
on.StartParamsValidati
ngActionExecutor.execu
te(StartParamsValidati
ngActionExecutor.java:
64)
	at org.gradle.interna
l.buildprocess.executi
on.StartParamsValidati
ngActionExecutor.execu
te(StartParamsValidati
ngActionExecutor.java:
32)
	at org.gradle.interna
l.buildprocess.executi
on.SessionFailureRepor
tingActionExecutor.exe
cute(SessionFailureRep
ortingActionExecutor.j
ava:51)
	at org.gradle.interna
l.buildprocess.executi
on.SessionFailureRepor
tingActionExecutor.exe
cute(SessionFailureRep
ortingActionExecutor.j
ava:39)
	at org.gradle.interna
l.buildprocess.executi
on.SetupLoggingActionE
xecutor.execute(SetupL
oggingActionExecutor.j
ava:47)
	at org.gradle.interna
l.buildprocess.executi
on.SetupLoggingActionE
xecutor.execute(SetupL
oggingActionExecutor.j
ava:31)
	at org.gradle.launche
r.daemon.server.exec.E
xecuteBuild.doBuild(Ex
ecuteBuild.java:70)
	at org.gradle.launche
r.daemon.server.exec.B
uildCommandOnly.execut
e(BuildCommandOnly.jav
a:37)

Deprecated Gradle features were used in this build, making it incompatible with Gradle 9.0.

You can use '--warning-mode all' to show the individual deprecation warnings and determine if they come from your own scripts or plugins.

For more on this, please refer to https://docs.gradle.org/8.13/userguide/command_line_interface.html#sec:command_line_warnings in the Gradle documentation.
	at org.gradle.launche
r.daemon.server.api.Da
emonCommandExecution.p
roceed(DaemonCommandEx
ecution.java:104)
	at org.gradle.launche
r.daemon.server.exec.W
atchForDisconnection.e
xecute(WatchForDisconn
ection.java:39)
	at org.gradle.launche
r.daemon.server.api.Da
emonCommandExecution.p
roceed(DaemonCommandEx
ecution.java:104)
	at org.gradle.launche
r.daemon.server.exec.R
esetDeprecationLogger.
execute(ResetDeprecati
onLogger.java:29)
	at org.gradle.launche
r.daemon.server.api.Da
emonCommandExecution.p
roceed(DaemonCommandEx
ecution.java:104)
	at org.gradle.launche
r.daemon.server.exec.R
equestStopIfSingleUsed
Daemon.execute(Request
StopIfSingleUsedDaemon
.java:35)
	at org.gradle.launche
r.daemon.server.api.Da
emonCommandExecution.p
roceed(DaemonCommandEx
ecution.java:104)
	at org.gradle.launche
r.daemon.server.exec.F
orwardClientInput.lamb
da$execute$0(ForwardCl
ientInput.java:40)
	at org.gradle.interna
l.daemon.clientinput.C
lientInputForwarder.fo
rwardInput(ClientInput
Forwarder.java:80)
	at org.gradle.launche
r.daemon.server.exec.F
orwardClientInput.exec
ute(ForwardClientInput
.java:37)
	at org.gradle.launche
r.daemon.server.api.Da
emonCommandExecution.p
roceed(DaemonCommandEx
ecution.java:104)
	at org.gradle.launche
r.daemon.server.exec.L
ogAndCheckHealth.execu
te(LogAndCheckHealth.j
ava:53)
	at org.gradle.launche
r.daemon.server.api.Da
emonCommandExecution.p
roceed(DaemonCommandEx
ecution.java:104)
	at org.gradle.launche
r.daemon.server.exec.L
ogToClient.doBuild(Log
ToClient.java:63)
	at org.gradle.launche
r.daemon.server.exec.B
uildCommandOnly.execut
e(BuildCommandOnly.jav
a:37)
	at org.gradle.launche
r.daemon.server.api.Da
emonCommandExecution.p
roceed(DaemonCommandEx
ecution.java:104)
	at org.gradle.launche
r.daemon.server.exec.E
stablishBuildEnvironme
nt.doBuild(EstablishBu
ildEnvironment.java:84
)
	at org.gradle.launche
r.daemon.server.exec.B
uildCommandOnly.execut
e(BuildCommandOnly.jav
a:37)
	at org.gradle.launche
r.daemon.server.api.Da
emonCommandExecution.p
roceed(DaemonCommandEx
ecution.java:104)
	at org.gradle.launche
r.daemon.server.exec.S
tartBuildOrRespondWith
Busy$1.run(StartBuildO
rRespondWithBusy.java:
52)
	at org.gradle.launche
r.daemon.server.Daemon
StateCoordinator.lambd
a$runCommand$0(DaemonS
tateCoordinator.java:3
21)
	at org.gradle.interna
l.concurrent.ExecutorP
olicy$CatchAndRecordFa
ilures.onExecute(Execu
torPolicy.java:64)
	at org.gradle.interna
l.concurrent.AbstractM
anagedExecutor$1.run(A
bstractManagedExecutor
.java:48)
	at java.util.concurre
nt.ThreadPoolExecutor.
runWorker(Unknown 
Source)
	at java.util.concurre
nt.ThreadPoolExecutor$
Worker.run(Unknown 
Source)
	at java.lang.Thread.r
un(Unknown Source)


BUILD FAILED in 4s
